// Jest Snapshot v1, https://goo.gl/fbAQLP

exports[`generic/molecules/LabeledSelect renders 1`] = `
<LabeledSelectWrapper>
  <LabelStyled
    htmlFor="test"
  >
    Test
  </LabelStyled>
  <Select
    name="test"
    onChange={[Function]}
    options={
      Array [
        Object {
          "key": "first",
          "value": 1,
        },
      ]
    }
  />
</LabeledSelectWrapper>
`;
