// Jest Snapshot v1, https://goo.gl/fbAQLP

exports[`components/atoms/IconButton renders 1`] = `
<ButtonStyle
  color="gray"
  hoverColor="gray"
  onClick={[MockFunction]}
>
  <FontAwesomeIcon
    border={false}
    className=""
    fixedWidth={false}
    flip={null}
    icon={
      Array [
        "fas",
        "chevron-down",
      ]
    }
    inverse={false}
    listItem={false}
    mask={null}
    pull={null}
    pulse={false}
    rotation={null}
    size="lg"
    spin={false}
    symbol={false}
    title=""
    transform={null}
  />
</ButtonStyle>
`;
