// Jest Snapshot v1, https://goo.gl/fbAQLP

exports[`generic/molecules renders 1`] = `
<styled.button>
  <FontAwesomeIcon
    border={false}
    className=""
    fixedWidth={false}
    flip={null}
    icon={null}
    inverse={false}
    listItem={false}
    mask={null}
    pull={null}
    pulse={false}
    rotation={null}
    size="lg"
    spin={false}
    symbol={false}
    title=""
    transform={null}
  />
</styled.button>
`;
