// Jest Snapshot v1, https://goo.gl/fbAQLP

exports[`generic/organisms/Scheduler renders 1`] = `
<section
  class="sc-gzVnrw doZBHP"
>
  <section
    class="sc-htoDjs cLANE"
  >
    <div />
    <div>
      Monday
    </div>
    <div>
      Tuesday
    </div>
    <div>
      Wednesday
    </div>
    <div>
      Thursday
    </div>
    <div>
      Friday
    </div>
  </section>
  <section
    class="sc-dnqmqq lbhpJV"
  >
    <div
      class="sc-gZMcBi fopDKQ"
    >
      <div
        class="sc-gqjmRU kafIwp"
      >
        07:00
      </div>
      <div
        class="sc-gqjmRU kafIwp"
      >
        08:00
      </div>
      <div
        class="sc-gqjmRU kafIwp"
      >
        09:00
      </div>
      <div
        class="sc-gqjmRU kafIwp"
      >
        10:00
      </div>
      <div
        class="sc-gqjmRU kafIwp"
      >
        11:00
      </div>
      <div
        class="sc-gqjmRU kafIwp"
      >
        12:00
      </div>
      <div
        class="sc-gqjmRU kafIwp"
      >
        13:00
      </div>
      <div
        class="sc-gqjmRU kafIwp"
      >
        14:00
      </div>
      <div
        class="sc-gqjmRU kafIwp"
      >
        15:00
      </div>
      <div
        class="sc-gqjmRU kafIwp"
      >
        16:00
      </div>
      <div
        class="sc-gqjmRU kafIwp"
      >
        17:00
      </div>
      <div
        class="sc-gqjmRU kafIwp"
      >
        18:00
      </div>
    </div>
    <div
      class="sc-iwsKbI kQlfCB"
    >
      <div
        class="sc-EHOje kEQled"
      >
        <div
          class="sc-bZQynM cuJuIo"
        >
          Working on the new feature in Story-333
        </div>
        <button
          class="sc-ifAKCX opATa"
          color="gray"
        >
          <svg
            aria-hidden="true"
            class="svg-inline--fa fa-ellipsis-h fa-w-16 fa-lg "
            data-icon="ellipsis-h"
            data-prefix="fas"
            role="img"
            viewBox="0 0 512 512"
            xmlns="http://www.w3.org/2000/svg"
          >
            <path
              d="M328 256c0 39.8-32.2 72-72 72s-72-32.2-72-72 32.2-72 72-72 72 32.2 72 72zm104-72c-39.8 0-72 32.2-72 72s32.2 72 72 72 72-32.2 72-72-32.2-72-72-72zm-352 0c-39.8 0-72 32.2-72 72s32.2 72 72 72 72-32.2 72-72-32.2-72-72-72z"
              fill="currentColor"
            />
          </svg>
        </button>
      </div>
      <div
        class="sc-EHOje ciXCQr"
      >
        <button
          class="sc-bwzfXH bCMsTP"
        >
          <svg
            aria-hidden="true"
            class="svg-inline--fa fa-plus-circle fa-w-16 fa-lg sc-bxivhb hNCJCS"
            data-icon="plus-circle"
            data-prefix="fas"
            role="img"
            viewBox="0 0 512 512"
            xmlns="http://www.w3.org/2000/svg"
          >
            <path
              d="M256 8C119 8 8 119 8 256s111 248 248 248 248-111 248-248S393 8 256 8zm144 276c0 6.6-5.4 12-12 12h-92v92c0 6.6-5.4 12-12 12h-56c-6.6 0-12-5.4-12-12v-92h-92c-6.6 0-12-5.4-12-12v-56c0-6.6 5.4-12 12-12h92v-92c0-6.6 5.4-12 12-12h56c6.6 0 12 5.4 12 12v92h92c6.6 0 12 5.4 12 12v56z"
              fill="currentColor"
            />
          </svg>
        </button>
      </div>
      <div
        class="sc-EHOje ciXCQr"
      >
        <button
          class="sc-bwzfXH bCMsTP"
        >
          <svg
            aria-hidden="true"
            class="svg-inline--fa fa-plus-circle fa-w-16 fa-lg sc-bxivhb hNCJCS"
            data-icon="plus-circle"
            data-prefix="fas"
            role="img"
            viewBox="0 0 512 512"
            xmlns="http://www.w3.org/2000/svg"
          >
            <path
              d="M256 8C119 8 8 119 8 256s111 248 248 248 248-111 248-248S393 8 256 8zm144 276c0 6.6-5.4 12-12 12h-92v92c0 6.6-5.4 12-12 12h-56c-6.6 0-12-5.4-12-12v-92h-92c-6.6 0-12-5.4-12-12v-56c0-6.6 5.4-12 12-12h92v-92c0-6.6 5.4-12 12-12h56c6.6 0 12 5.4 12 12v92h92c6.6 0 12 5.4 12 12v56z"
              fill="currentColor"
            />
          </svg>
        </button>
      </div>
      <div
        class="sc-EHOje ciXCQr"
      >
        <button
          class="sc-bwzfXH bCMsTP"
        >
          <svg
            aria-hidden="true"
            class="svg-inline--fa fa-plus-circle fa-w-16 fa-lg sc-bxivhb hNCJCS"
            data-icon="plus-circle"
            data-prefix="fas"
            role="img"
            viewBox="0 0 512 512"
            xmlns="http://www.w3.org/2000/svg"
          >
            <path
              d="M256 8C119 8 8 119 8 256s111 248 248 248 248-111 248-248S393 8 256 8zm144 276c0 6.6-5.4 12-12 12h-92v92c0 6.6-5.4 12-12 12h-56c-6.6 0-12-5.4-12-12v-92h-92c-6.6 0-12-5.4-12-12v-56c0-6.6 5.4-12 12-12h92v-92c0-6.6 5.4-12 12-12h56c6.6 0 12 5.4 12 12v92h92c6.6 0 12 5.4 12 12v56z"
              fill="currentColor"
            />
          </svg>
        </button>
      </div>
      <div
        class="sc-EHOje ciXCQr"
      >
        <button
          class="sc-bwzfXH bCMsTP"
        >
          <svg
            aria-hidden="true"
            class="svg-inline--fa fa-plus-circle fa-w-16 fa-lg sc-bxivhb hNCJCS"
            data-icon="plus-circle"
            data-prefix="fas"
            role="img"
            viewBox="0 0 512 512"
            xmlns="http://www.w3.org/2000/svg"
          >
            <path
              d="M256 8C119 8 8 119 8 256s111 248 248 248 248-111 248-248S393 8 256 8zm144 276c0 6.6-5.4 12-12 12h-92v92c0 6.6-5.4 12-12 12h-56c-6.6 0-12-5.4-12-12v-92h-92c-6.6 0-12-5.4-12-12v-56c0-6.6 5.4-12 12-12h92v-92c0-6.6 5.4-12 12-12h56c6.6 0 12 5.4 12 12v92h92c6.6 0 12 5.4 12 12v56z"
              fill="currentColor"
            />
          </svg>
        </button>
      </div>
      <div
        class="sc-EHOje ciXCQr"
      >
        <button
          class="sc-bwzfXH bCMsTP"
        >
          <svg
            aria-hidden="true"
            class="svg-inline--fa fa-plus-circle fa-w-16 fa-lg sc-bxivhb hNCJCS"
            data-icon="plus-circle"
            data-prefix="fas"
            role="img"
            viewBox="0 0 512 512"
            xmlns="http://www.w3.org/2000/svg"
          >
            <path
              d="M256 8C119 8 8 119 8 256s111 248 248 248 248-111 248-248S393 8 256 8zm144 276c0 6.6-5.4 12-12 12h-92v92c0 6.6-5.4 12-12 12h-56c-6.6 0-12-5.4-12-12v-92h-92c-6.6 0-12-5.4-12-12v-56c0-6.6 5.4-12 12-12h92v-92c0-6.6 5.4-12 12-12h56c6.6 0 12 5.4 12 12v92h92c6.6 0 12 5.4 12 12v56z"
              fill="currentColor"
            />
          </svg>
        </button>
      </div>
      <div
        class="sc-EHOje ciXCQr"
      >
        <button
          class="sc-bwzfXH bCMsTP"
        >
          <svg
            aria-hidden="true"
            class="svg-inline--fa fa-plus-circle fa-w-16 fa-lg sc-bxivhb hNCJCS"
            data-icon="plus-circle"
            data-prefix="fas"
            role="img"
            viewBox="0 0 512 512"
            xmlns="http://www.w3.org/2000/svg"
          >
            <path
              d="M256 8C119 8 8 119 8 256s111 248 248 248 248-111 248-248S393 8 256 8zm144 276c0 6.6-5.4 12-12 12h-92v92c0 6.6-5.4 12-12 12h-56c-6.6 0-12-5.4-12-12v-92h-92c-6.6 0-12-5.4-12-12v-56c0-6.6 5.4-12 12-12h92v-92c0-6.6 5.4-12 12-12h56c6.6 0 12 5.4 12 12v92h92c6.6 0 12 5.4 12 12v56z"
              fill="currentColor"
            />
          </svg>
        </button>
      </div>
      <div
        class="sc-EHOje ciXCQr"
      >
        <button
          class="sc-bwzfXH bCMsTP"
        >
          <svg
            aria-hidden="true"
            class="svg-inline--fa fa-plus-circle fa-w-16 fa-lg sc-bxivhb hNCJCS"
            data-icon="plus-circle"
            data-prefix="fas"
            role="img"
            viewBox="0 0 512 512"
            xmlns="http://www.w3.org/2000/svg"
          >
            <path
              d="M256 8C119 8 8 119 8 256s111 248 248 248 248-111 248-248S393 8 256 8zm144 276c0 6.6-5.4 12-12 12h-92v92c0 6.6-5.4 12-12 12h-56c-6.6 0-12-5.4-12-12v-92h-92c-6.6 0-12-5.4-12-12v-56c0-6.6 5.4-12 12-12h92v-92c0-6.6 5.4-12 12-12h56c6.6 0 12 5.4 12 12v92h92c6.6 0 12 5.4 12 12v56z"
              fill="currentColor"
            />
          </svg>
        </button>
      </div>
      <div
        class="sc-EHOje ciXCQr"
      >
        <button
          class="sc-bwzfXH bCMsTP"
        >
          <svg
            aria-hidden="true"
            class="svg-inline--fa fa-plus-circle fa-w-16 fa-lg sc-bxivhb hNCJCS"
            data-icon="plus-circle"
            data-prefix="fas"
            role="img"
            viewBox="0 0 512 512"
            xmlns="http://www.w3.org/2000/svg"
          >
            <path
              d="M256 8C119 8 8 119 8 256s111 248 248 248 248-111 248-248S393 8 256 8zm144 276c0 6.6-5.4 12-12 12h-92v92c0 6.6-5.4 12-12 12h-56c-6.6 0-12-5.4-12-12v-92h-92c-6.6 0-12-5.4-12-12v-56c0-6.6 5.4-12 12-12h92v-92c0-6.6 5.4-12 12-12h56c6.6 0 12 5.4 12 12v92h92c6.6 0 12 5.4 12 12v56z"
              fill="currentColor"
            />
          </svg>
        </button>
      </div>
      <div
        class="sc-EHOje ciXCQr"
      >
        <button
          class="sc-bwzfXH bCMsTP"
        >
          <svg
            aria-hidden="true"
            class="svg-inline--fa fa-plus-circle fa-w-16 fa-lg sc-bxivhb hNCJCS"
            data-icon="plus-circle"
            data-prefix="fas"
            role="img"
            viewBox="0 0 512 512"
            xmlns="http://www.w3.org/2000/svg"
          >
            <path
              d="M256 8C119 8 8 119 8 256s111 248 248 248 248-111 248-248S393 8 256 8zm144 276c0 6.6-5.4 12-12 12h-92v92c0 6.6-5.4 12-12 12h-56c-6.6 0-12-5.4-12-12v-92h-92c-6.6 0-12-5.4-12-12v-56c0-6.6 5.4-12 12-12h92v-92c0-6.6 5.4-12 12-12h56c6.6 0 12 5.4 12 12v92h92c6.6 0 12 5.4 12 12v56z"
              fill="currentColor"
            />
          </svg>
        </button>
      </div>
      <div
        class="sc-EHOje ciXCQr"
      >
        <button
          class="sc-bwzfXH bCMsTP"
        >
          <svg
            aria-hidden="true"
            class="svg-inline--fa fa-plus-circle fa-w-16 fa-lg sc-bxivhb hNCJCS"
            data-icon="plus-circle"
            data-prefix="fas"
            role="img"
            viewBox="0 0 512 512"
            xmlns="http://www.w3.org/2000/svg"
          >
            <path
              d="M256 8C119 8 8 119 8 256s111 248 248 248 248-111 248-248S393 8 256 8zm144 276c0 6.6-5.4 12-12 12h-92v92c0 6.6-5.4 12-12 12h-56c-6.6 0-12-5.4-12-12v-92h-92c-6.6 0-12-5.4-12-12v-56c0-6.6 5.4-12 12-12h92v-92c0-6.6 5.4-12 12-12h56c6.6 0 12 5.4 12 12v92h92c6.6 0 12 5.4 12 12v56z"
              fill="currentColor"
            />
          </svg>
        </button>
      </div>
      <div />
    </div>
    <div
      class="sc-iwsKbI kQlfCB"
    >
      <div
        class="sc-EHOje ciXCQr"
      >
        <button
          class="sc-bwzfXH bCMsTP"
        >
          <svg
            aria-hidden="true"
            class="svg-inline--fa fa-plus-circle fa-w-16 fa-lg sc-bxivhb hNCJCS"
            data-icon="plus-circle"
            data-prefix="fas"
            role="img"
            viewBox="0 0 512 512"
            xmlns="http://www.w3.org/2000/svg"
          >
            <path
              d="M256 8C119 8 8 119 8 256s111 248 248 248 248-111 248-248S393 8 256 8zm144 276c0 6.6-5.4 12-12 12h-92v92c0 6.6-5.4 12-12 12h-56c-6.6 0-12-5.4-12-12v-92h-92c-6.6 0-12-5.4-12-12v-56c0-6.6 5.4-12 12-12h92v-92c0-6.6 5.4-12 12-12h56c6.6 0 12 5.4 12 12v92h92c6.6 0 12 5.4 12 12v56z"
              fill="currentColor"
            />
          </svg>
        </button>
      </div>
      <div
        class="sc-EHOje ciXCQr"
      >
        <button
          class="sc-bwzfXH bCMsTP"
        >
          <svg
            aria-hidden="true"
            class="svg-inline--fa fa-plus-circle fa-w-16 fa-lg sc-bxivhb hNCJCS"
            data-icon="plus-circle"
            data-prefix="fas"
            role="img"
            viewBox="0 0 512 512"
            xmlns="http://www.w3.org/2000/svg"
          >
            <path
              d="M256 8C119 8 8 119 8 256s111 248 248 248 248-111 248-248S393 8 256 8zm144 276c0 6.6-5.4 12-12 12h-92v92c0 6.6-5.4 12-12 12h-56c-6.6 0-12-5.4-12-12v-92h-92c-6.6 0-12-5.4-12-12v-56c0-6.6 5.4-12 12-12h92v-92c0-6.6 5.4-12 12-12h56c6.6 0 12 5.4 12 12v92h92c6.6 0 12 5.4 12 12v56z"
              fill="currentColor"
            />
          </svg>
        </button>
      </div>
      <div
        class="sc-EHOje ciXCQr"
      >
        <button
          class="sc-bwzfXH bCMsTP"
        >
          <svg
            aria-hidden="true"
            class="svg-inline--fa fa-plus-circle fa-w-16 fa-lg sc-bxivhb hNCJCS"
            data-icon="plus-circle"
            data-prefix="fas"
            role="img"
            viewBox="0 0 512 512"
            xmlns="http://www.w3.org/2000/svg"
          >
            <path
              d="M256 8C119 8 8 119 8 256s111 248 248 248 248-111 248-248S393 8 256 8zm144 276c0 6.6-5.4 12-12 12h-92v92c0 6.6-5.4 12-12 12h-56c-6.6 0-12-5.4-12-12v-92h-92c-6.6 0-12-5.4-12-12v-56c0-6.6 5.4-12 12-12h92v-92c0-6.6 5.4-12 12-12h56c6.6 0 12 5.4 12 12v92h92c6.6 0 12 5.4 12 12v56z"
              fill="currentColor"
            />
          </svg>
        </button>
      </div>
      <div
        class="sc-EHOje ciXCQr"
      >
        <button
          class="sc-bwzfXH bCMsTP"
        >
          <svg
            aria-hidden="true"
            class="svg-inline--fa fa-plus-circle fa-w-16 fa-lg sc-bxivhb hNCJCS"
            data-icon="plus-circle"
            data-prefix="fas"
            role="img"
            viewBox="0 0 512 512"
            xmlns="http://www.w3.org/2000/svg"
          >
            <path
              d="M256 8C119 8 8 119 8 256s111 248 248 248 248-111 248-248S393 8 256 8zm144 276c0 6.6-5.4 12-12 12h-92v92c0 6.6-5.4 12-12 12h-56c-6.6 0-12-5.4-12-12v-92h-92c-6.6 0-12-5.4-12-12v-56c0-6.6 5.4-12 12-12h92v-92c0-6.6 5.4-12 12-12h56c6.6 0 12 5.4 12 12v92h92c6.6 0 12 5.4 12 12v56z"
              fill="currentColor"
            />
          </svg>
        </button>
      </div>
      <div
        class="sc-EHOje ciXCQr"
      >
        <button
          class="sc-bwzfXH bCMsTP"
        >
          <svg
            aria-hidden="true"
            class="svg-inline--fa fa-plus-circle fa-w-16 fa-lg sc-bxivhb hNCJCS"
            data-icon="plus-circle"
            data-prefix="fas"
            role="img"
            viewBox="0 0 512 512"
            xmlns="http://www.w3.org/2000/svg"
          >
            <path
              d="M256 8C119 8 8 119 8 256s111 248 248 248 248-111 248-248S393 8 256 8zm144 276c0 6.6-5.4 12-12 12h-92v92c0 6.6-5.4 12-12 12h-56c-6.6 0-12-5.4-12-12v-92h-92c-6.6 0-12-5.4-12-12v-56c0-6.6 5.4-12 12-12h92v-92c0-6.6 5.4-12 12-12h56c6.6 0 12 5.4 12 12v92h92c6.6 0 12 5.4 12 12v56z"
              fill="currentColor"
            />
          </svg>
        </button>
      </div>
      <div
        class="sc-EHOje ciXCQr"
      >
        <button
          class="sc-bwzfXH bCMsTP"
        >
          <svg
            aria-hidden="true"
            class="svg-inline--fa fa-plus-circle fa-w-16 fa-lg sc-bxivhb hNCJCS"
            data-icon="plus-circle"
            data-prefix="fas"
            role="img"
            viewBox="0 0 512 512"
            xmlns="http://www.w3.org/2000/svg"
          >
            <path
              d="M256 8C119 8 8 119 8 256s111 248 248 248 248-111 248-248S393 8 256 8zm144 276c0 6.6-5.4 12-12 12h-92v92c0 6.6-5.4 12-12 12h-56c-6.6 0-12-5.4-12-12v-92h-92c-6.6 0-12-5.4-12-12v-56c0-6.6 5.4-12 12-12h92v-92c0-6.6 5.4-12 12-12h56c6.6 0 12 5.4 12 12v92h92c6.6 0 12 5.4 12 12v56z"
              fill="currentColor"
            />
          </svg>
        </button>
      </div>
      <div
        class="sc-EHOje ciXCQr"
      >
        <button
          class="sc-bwzfXH bCMsTP"
        >
          <svg
            aria-hidden="true"
            class="svg-inline--fa fa-plus-circle fa-w-16 fa-lg sc-bxivhb hNCJCS"
            data-icon="plus-circle"
            data-prefix="fas"
            role="img"
            viewBox="0 0 512 512"
            xmlns="http://www.w3.org/2000/svg"
          >
            <path
              d="M256 8C119 8 8 119 8 256s111 248 248 248 248-111 248-248S393 8 256 8zm144 276c0 6.6-5.4 12-12 12h-92v92c0 6.6-5.4 12-12 12h-56c-6.6 0-12-5.4-12-12v-92h-92c-6.6 0-12-5.4-12-12v-56c0-6.6 5.4-12 12-12h92v-92c0-6.6 5.4-12 12-12h56c6.6 0 12 5.4 12 12v92h92c6.6 0 12 5.4 12 12v56z"
              fill="currentColor"
            />
          </svg>
        </button>
      </div>
      <div
        class="sc-EHOje ciXCQr"
      >
        <button
          class="sc-bwzfXH bCMsTP"
        >
          <svg
            aria-hidden="true"
            class="svg-inline--fa fa-plus-circle fa-w-16 fa-lg sc-bxivhb hNCJCS"
            data-icon="plus-circle"
            data-prefix="fas"
            role="img"
            viewBox="0 0 512 512"
            xmlns="http://www.w3.org/2000/svg"
          >
            <path
              d="M256 8C119 8 8 119 8 256s111 248 248 248 248-111 248-248S393 8 256 8zm144 276c0 6.6-5.4 12-12 12h-92v92c0 6.6-5.4 12-12 12h-56c-6.6 0-12-5.4-12-12v-92h-92c-6.6 0-12-5.4-12-12v-56c0-6.6 5.4-12 12-12h92v-92c0-6.6 5.4-12 12-12h56c6.6 0 12 5.4 12 12v92h92c6.6 0 12 5.4 12 12v56z"
              fill="currentColor"
            />
          </svg>
        </button>
      </div>
      <div
        class="sc-EHOje ciXCQr"
      >
        <button
          class="sc-bwzfXH bCMsTP"
        >
          <svg
            aria-hidden="true"
            class="svg-inline--fa fa-plus-circle fa-w-16 fa-lg sc-bxivhb hNCJCS"
            data-icon="plus-circle"
            data-prefix="fas"
            role="img"
            viewBox="0 0 512 512"
            xmlns="http://www.w3.org/2000/svg"
          >
            <path
              d="M256 8C119 8 8 119 8 256s111 248 248 248 248-111 248-248S393 8 256 8zm144 276c0 6.6-5.4 12-12 12h-92v92c0 6.6-5.4 12-12 12h-56c-6.6 0-12-5.4-12-12v-92h-92c-6.6 0-12-5.4-12-12v-56c0-6.6 5.4-12 12-12h92v-92c0-6.6 5.4-12 12-12h56c6.6 0 12 5.4 12 12v92h92c6.6 0 12 5.4 12 12v56z"
              fill="currentColor"
            />
          </svg>
        </button>
      </div>
      <div
        class="sc-EHOje ciXCQr"
      >
        <button
          class="sc-bwzfXH bCMsTP"
        >
          <svg
            aria-hidden="true"
            class="svg-inline--fa fa-plus-circle fa-w-16 fa-lg sc-bxivhb hNCJCS"
            data-icon="plus-circle"
            data-prefix="fas"
            role="img"
            viewBox="0 0 512 512"
            xmlns="http://www.w3.org/2000/svg"
          >
            <path
              d="M256 8C119 8 8 119 8 256s111 248 248 248 248-111 248-248S393 8 256 8zm144 276c0 6.6-5.4 12-12 12h-92v92c0 6.6-5.4 12-12 12h-56c-6.6 0-12-5.4-12-12v-92h-92c-6.6 0-12-5.4-12-12v-56c0-6.6 5.4-12 12-12h92v-92c0-6.6 5.4-12 12-12h56c6.6 0 12 5.4 12 12v92h92c6.6 0 12 5.4 12 12v56z"
              fill="currentColor"
            />
          </svg>
        </button>
      </div>
      <div
        class="sc-EHOje ciXCQr"
      >
        <button
          class="sc-bwzfXH bCMsTP"
        >
          <svg
            aria-hidden="true"
            class="svg-inline--fa fa-plus-circle fa-w-16 fa-lg sc-bxivhb hNCJCS"
            data-icon="plus-circle"
            data-prefix="fas"
            role="img"
            viewBox="0 0 512 512"
            xmlns="http://www.w3.org/2000/svg"
          >
            <path
              d="M256 8C119 8 8 119 8 256s111 248 248 248 248-111 248-248S393 8 256 8zm144 276c0 6.6-5.4 12-12 12h-92v92c0 6.6-5.4 12-12 12h-56c-6.6 0-12-5.4-12-12v-92h-92c-6.6 0-12-5.4-12-12v-56c0-6.6 5.4-12 12-12h92v-92c0-6.6 5.4-12 12-12h56c6.6 0 12 5.4 12 12v92h92c6.6 0 12 5.4 12 12v56z"
              fill="currentColor"
            />
          </svg>
        </button>
      </div>
      <div />
    </div>
    <div
      class="sc-iwsKbI kQlfCB"
    >
      <div
        class="sc-EHOje ciXCQr"
      >
        <button
          class="sc-bwzfXH bCMsTP"
        >
          <svg
            aria-hidden="true"
            class="svg-inline--fa fa-plus-circle fa-w-16 fa-lg sc-bxivhb hNCJCS"
            data-icon="plus-circle"
            data-prefix="fas"
            role="img"
            viewBox="0 0 512 512"
            xmlns="http://www.w3.org/2000/svg"
          >
            <path
              d="M256 8C119 8 8 119 8 256s111 248 248 248 248-111 248-248S393 8 256 8zm144 276c0 6.6-5.4 12-12 12h-92v92c0 6.6-5.4 12-12 12h-56c-6.6 0-12-5.4-12-12v-92h-92c-6.6 0-12-5.4-12-12v-56c0-6.6 5.4-12 12-12h92v-92c0-6.6 5.4-12 12-12h56c6.6 0 12 5.4 12 12v92h92c6.6 0 12 5.4 12 12v56z"
              fill="currentColor"
            />
          </svg>
        </button>
      </div>
      <div
        class="sc-EHOje ciXCQr"
      >
        <button
          class="sc-bwzfXH bCMsTP"
        >
          <svg
            aria-hidden="true"
            class="svg-inline--fa fa-plus-circle fa-w-16 fa-lg sc-bxivhb hNCJCS"
            data-icon="plus-circle"
            data-prefix="fas"
            role="img"
            viewBox="0 0 512 512"
            xmlns="http://www.w3.org/2000/svg"
          >
            <path
              d="M256 8C119 8 8 119 8 256s111 248 248 248 248-111 248-248S393 8 256 8zm144 276c0 6.6-5.4 12-12 12h-92v92c0 6.6-5.4 12-12 12h-56c-6.6 0-12-5.4-12-12v-92h-92c-6.6 0-12-5.4-12-12v-56c0-6.6 5.4-12 12-12h92v-92c0-6.6 5.4-12 12-12h56c6.6 0 12 5.4 12 12v92h92c6.6 0 12 5.4 12 12v56z"
              fill="currentColor"
            />
          </svg>
        </button>
      </div>
      <div
        class="sc-EHOje ciXCQr"
      >
        <button
          class="sc-bwzfXH bCMsTP"
        >
          <svg
            aria-hidden="true"
            class="svg-inline--fa fa-plus-circle fa-w-16 fa-lg sc-bxivhb hNCJCS"
            data-icon="plus-circle"
            data-prefix="fas"
            role="img"
            viewBox="0 0 512 512"
            xmlns="http://www.w3.org/2000/svg"
          >
            <path
              d="M256 8C119 8 8 119 8 256s111 248 248 248 248-111 248-248S393 8 256 8zm144 276c0 6.6-5.4 12-12 12h-92v92c0 6.6-5.4 12-12 12h-56c-6.6 0-12-5.4-12-12v-92h-92c-6.6 0-12-5.4-12-12v-56c0-6.6 5.4-12 12-12h92v-92c0-6.6 5.4-12 12-12h56c6.6 0 12 5.4 12 12v92h92c6.6 0 12 5.4 12 12v56z"
              fill="currentColor"
            />
          </svg>
        </button>
      </div>
      <div
        class="sc-EHOje ciXCQr"
      >
        <button
          class="sc-bwzfXH bCMsTP"
        >
          <svg
            aria-hidden="true"
            class="svg-inline--fa fa-plus-circle fa-w-16 fa-lg sc-bxivhb hNCJCS"
            data-icon="plus-circle"
            data-prefix="fas"
            role="img"
            viewBox="0 0 512 512"
            xmlns="http://www.w3.org/2000/svg"
          >
            <path
              d="M256 8C119 8 8 119 8 256s111 248 248 248 248-111 248-248S393 8 256 8zm144 276c0 6.6-5.4 12-12 12h-92v92c0 6.6-5.4 12-12 12h-56c-6.6 0-12-5.4-12-12v-92h-92c-6.6 0-12-5.4-12-12v-56c0-6.6 5.4-12 12-12h92v-92c0-6.6 5.4-12 12-12h56c6.6 0 12 5.4 12 12v92h92c6.6 0 12 5.4 12 12v56z"
              fill="currentColor"
            />
          </svg>
        </button>
      </div>
      <div
        class="sc-EHOje ciXCQr"
      >
        <button
          class="sc-bwzfXH bCMsTP"
        >
          <svg
            aria-hidden="true"
            class="svg-inline--fa fa-plus-circle fa-w-16 fa-lg sc-bxivhb hNCJCS"
            data-icon="plus-circle"
            data-prefix="fas"
            role="img"
            viewBox="0 0 512 512"
            xmlns="http://www.w3.org/2000/svg"
          >
            <path
              d="M256 8C119 8 8 119 8 256s111 248 248 248 248-111 248-248S393 8 256 8zm144 276c0 6.6-5.4 12-12 12h-92v92c0 6.6-5.4 12-12 12h-56c-6.6 0-12-5.4-12-12v-92h-92c-6.6 0-12-5.4-12-12v-56c0-6.6 5.4-12 12-12h92v-92c0-6.6 5.4-12 12-12h56c6.6 0 12 5.4 12 12v92h92c6.6 0 12 5.4 12 12v56z"
              fill="currentColor"
            />
          </svg>
        </button>
      </div>
      <div
        class="sc-EHOje ciXCQr"
      >
        <button
          class="sc-bwzfXH bCMsTP"
        >
          <svg
            aria-hidden="true"
            class="svg-inline--fa fa-plus-circle fa-w-16 fa-lg sc-bxivhb hNCJCS"
            data-icon="plus-circle"
            data-prefix="fas"
            role="img"
            viewBox="0 0 512 512"
            xmlns="http://www.w3.org/2000/svg"
          >
            <path
              d="M256 8C119 8 8 119 8 256s111 248 248 248 248-111 248-248S393 8 256 8zm144 276c0 6.6-5.4 12-12 12h-92v92c0 6.6-5.4 12-12 12h-56c-6.6 0-12-5.4-12-12v-92h-92c-6.6 0-12-5.4-12-12v-56c0-6.6 5.4-12 12-12h92v-92c0-6.6 5.4-12 12-12h56c6.6 0 12 5.4 12 12v92h92c6.6 0 12 5.4 12 12v56z"
              fill="currentColor"
            />
          </svg>
        </button>
      </div>
      <div
        class="sc-EHOje ciXCQr"
      >
        <button
          class="sc-bwzfXH bCMsTP"
        >
          <svg
            aria-hidden="true"
            class="svg-inline--fa fa-plus-circle fa-w-16 fa-lg sc-bxivhb hNCJCS"
            data-icon="plus-circle"
            data-prefix="fas"
            role="img"
            viewBox="0 0 512 512"
            xmlns="http://www.w3.org/2000/svg"
          >
            <path
              d="M256 8C119 8 8 119 8 256s111 248 248 248 248-111 248-248S393 8 256 8zm144 276c0 6.6-5.4 12-12 12h-92v92c0 6.6-5.4 12-12 12h-56c-6.6 0-12-5.4-12-12v-92h-92c-6.6 0-12-5.4-12-12v-56c0-6.6 5.4-12 12-12h92v-92c0-6.6 5.4-12 12-12h56c6.6 0 12 5.4 12 12v92h92c6.6 0 12 5.4 12 12v56z"
              fill="currentColor"
            />
          </svg>
        </button>
      </div>
      <div
        class="sc-EHOje ciXCQr"
      >
        <button
          class="sc-bwzfXH bCMsTP"
        >
          <svg
            aria-hidden="true"
            class="svg-inline--fa fa-plus-circle fa-w-16 fa-lg sc-bxivhb hNCJCS"
            data-icon="plus-circle"
            data-prefix="fas"
            role="img"
            viewBox="0 0 512 512"
            xmlns="http://www.w3.org/2000/svg"
          >
            <path
              d="M256 8C119 8 8 119 8 256s111 248 248 248 248-111 248-248S393 8 256 8zm144 276c0 6.6-5.4 12-12 12h-92v92c0 6.6-5.4 12-12 12h-56c-6.6 0-12-5.4-12-12v-92h-92c-6.6 0-12-5.4-12-12v-56c0-6.6 5.4-12 12-12h92v-92c0-6.6 5.4-12 12-12h56c6.6 0 12 5.4 12 12v92h92c6.6 0 12 5.4 12 12v56z"
              fill="currentColor"
            />
          </svg>
        </button>
      </div>
      <div
        class="sc-EHOje ciXCQr"
      >
        <button
          class="sc-bwzfXH bCMsTP"
        >
          <svg
            aria-hidden="true"
            class="svg-inline--fa fa-plus-circle fa-w-16 fa-lg sc-bxivhb hNCJCS"
            data-icon="plus-circle"
            data-prefix="fas"
            role="img"
            viewBox="0 0 512 512"
            xmlns="http://www.w3.org/2000/svg"
          >
            <path
              d="M256 8C119 8 8 119 8 256s111 248 248 248 248-111 248-248S393 8 256 8zm144 276c0 6.6-5.4 12-12 12h-92v92c0 6.6-5.4 12-12 12h-56c-6.6 0-12-5.4-12-12v-92h-92c-6.6 0-12-5.4-12-12v-56c0-6.6 5.4-12 12-12h92v-92c0-6.6 5.4-12 12-12h56c6.6 0 12 5.4 12 12v92h92c6.6 0 12 5.4 12 12v56z"
              fill="currentColor"
            />
          </svg>
        </button>
      </div>
      <div
        class="sc-EHOje ciXCQr"
      >
        <button
          class="sc-bwzfXH bCMsTP"
        >
          <svg
            aria-hidden="true"
            class="svg-inline--fa fa-plus-circle fa-w-16 fa-lg sc-bxivhb hNCJCS"
            data-icon="plus-circle"
            data-prefix="fas"
            role="img"
            viewBox="0 0 512 512"
            xmlns="http://www.w3.org/2000/svg"
          >
            <path
              d="M256 8C119 8 8 119 8 256s111 248 248 248 248-111 248-248S393 8 256 8zm144 276c0 6.6-5.4 12-12 12h-92v92c0 6.6-5.4 12-12 12h-56c-6.6 0-12-5.4-12-12v-92h-92c-6.6 0-12-5.4-12-12v-56c0-6.6 5.4-12 12-12h92v-92c0-6.6 5.4-12 12-12h56c6.6 0 12 5.4 12 12v92h92c6.6 0 12 5.4 12 12v56z"
              fill="currentColor"
            />
          </svg>
        </button>
      </div>
      <div
        class="sc-EHOje ciXCQr"
      >
        <button
          class="sc-bwzfXH bCMsTP"
        >
          <svg
            aria-hidden="true"
            class="svg-inline--fa fa-plus-circle fa-w-16 fa-lg sc-bxivhb hNCJCS"
            data-icon="plus-circle"
            data-prefix="fas"
            role="img"
            viewBox="0 0 512 512"
            xmlns="http://www.w3.org/2000/svg"
          >
            <path
              d="M256 8C119 8 8 119 8 256s111 248 248 248 248-111 248-248S393 8 256 8zm144 276c0 6.6-5.4 12-12 12h-92v92c0 6.6-5.4 12-12 12h-56c-6.6 0-12-5.4-12-12v-92h-92c-6.6 0-12-5.4-12-12v-56c0-6.6 5.4-12 12-12h92v-92c0-6.6 5.4-12 12-12h56c6.6 0 12 5.4 12 12v92h92c6.6 0 12 5.4 12 12v56z"
              fill="currentColor"
            />
          </svg>
        </button>
      </div>
      <div />
    </div>
    <div
      class="sc-iwsKbI kQlfCB"
    >
      <div
        class="sc-EHOje ciXCQr"
      >
        <button
          class="sc-bwzfXH bCMsTP"
        >
          <svg
            aria-hidden="true"
            class="svg-inline--fa fa-plus-circle fa-w-16 fa-lg sc-bxivhb hNCJCS"
            data-icon="plus-circle"
            data-prefix="fas"
            role="img"
            viewBox="0 0 512 512"
            xmlns="http://www.w3.org/2000/svg"
          >
            <path
              d="M256 8C119 8 8 119 8 256s111 248 248 248 248-111 248-248S393 8 256 8zm144 276c0 6.6-5.4 12-12 12h-92v92c0 6.6-5.4 12-12 12h-56c-6.6 0-12-5.4-12-12v-92h-92c-6.6 0-12-5.4-12-12v-56c0-6.6 5.4-12 12-12h92v-92c0-6.6 5.4-12 12-12h56c6.6 0 12 5.4 12 12v92h92c6.6 0 12 5.4 12 12v56z"
              fill="currentColor"
            />
          </svg>
        </button>
      </div>
      <div
        class="sc-EHOje ciXCQr"
      >
        <button
          class="sc-bwzfXH bCMsTP"
        >
          <svg
            aria-hidden="true"
            class="svg-inline--fa fa-plus-circle fa-w-16 fa-lg sc-bxivhb hNCJCS"
            data-icon="plus-circle"
            data-prefix="fas"
            role="img"
            viewBox="0 0 512 512"
            xmlns="http://www.w3.org/2000/svg"
          >
            <path
              d="M256 8C119 8 8 119 8 256s111 248 248 248 248-111 248-248S393 8 256 8zm144 276c0 6.6-5.4 12-12 12h-92v92c0 6.6-5.4 12-12 12h-56c-6.6 0-12-5.4-12-12v-92h-92c-6.6 0-12-5.4-12-12v-56c0-6.6 5.4-12 12-12h92v-92c0-6.6 5.4-12 12-12h56c6.6 0 12 5.4 12 12v92h92c6.6 0 12 5.4 12 12v56z"
              fill="currentColor"
            />
          </svg>
        </button>
      </div>
      <div
        class="sc-EHOje ciXCQr"
      >
        <button
          class="sc-bwzfXH bCMsTP"
        >
          <svg
            aria-hidden="true"
            class="svg-inline--fa fa-plus-circle fa-w-16 fa-lg sc-bxivhb hNCJCS"
            data-icon="plus-circle"
            data-prefix="fas"
            role="img"
            viewBox="0 0 512 512"
            xmlns="http://www.w3.org/2000/svg"
          >
            <path
              d="M256 8C119 8 8 119 8 256s111 248 248 248 248-111 248-248S393 8 256 8zm144 276c0 6.6-5.4 12-12 12h-92v92c0 6.6-5.4 12-12 12h-56c-6.6 0-12-5.4-12-12v-92h-92c-6.6 0-12-5.4-12-12v-56c0-6.6 5.4-12 12-12h92v-92c0-6.6 5.4-12 12-12h56c6.6 0 12 5.4 12 12v92h92c6.6 0 12 5.4 12 12v56z"
              fill="currentColor"
            />
          </svg>
        </button>
      </div>
      <div
        class="sc-EHOje ciXCQr"
      >
        <button
          class="sc-bwzfXH bCMsTP"
        >
          <svg
            aria-hidden="true"
            class="svg-inline--fa fa-plus-circle fa-w-16 fa-lg sc-bxivhb hNCJCS"
            data-icon="plus-circle"
            data-prefix="fas"
            role="img"
            viewBox="0 0 512 512"
            xmlns="http://www.w3.org/2000/svg"
          >
            <path
              d="M256 8C119 8 8 119 8 256s111 248 248 248 248-111 248-248S393 8 256 8zm144 276c0 6.6-5.4 12-12 12h-92v92c0 6.6-5.4 12-12 12h-56c-6.6 0-12-5.4-12-12v-92h-92c-6.6 0-12-5.4-12-12v-56c0-6.6 5.4-12 12-12h92v-92c0-6.6 5.4-12 12-12h56c6.6 0 12 5.4 12 12v92h92c6.6 0 12 5.4 12 12v56z"
              fill="currentColor"
            />
          </svg>
        </button>
      </div>
      <div
        class="sc-EHOje ciXCQr"
      >
        <button
          class="sc-bwzfXH bCMsTP"
        >
          <svg
            aria-hidden="true"
            class="svg-inline--fa fa-plus-circle fa-w-16 fa-lg sc-bxivhb hNCJCS"
            data-icon="plus-circle"
            data-prefix="fas"
            role="img"
            viewBox="0 0 512 512"
            xmlns="http://www.w3.org/2000/svg"
          >
            <path
              d="M256 8C119 8 8 119 8 256s111 248 248 248 248-111 248-248S393 8 256 8zm144 276c0 6.6-5.4 12-12 12h-92v92c0 6.6-5.4 12-12 12h-56c-6.6 0-12-5.4-12-12v-92h-92c-6.6 0-12-5.4-12-12v-56c0-6.6 5.4-12 12-12h92v-92c0-6.6 5.4-12 12-12h56c6.6 0 12 5.4 12 12v92h92c6.6 0 12 5.4 12 12v56z"
              fill="currentColor"
            />
          </svg>
        </button>
      </div>
      <div
        class="sc-EHOje ciXCQr"
      >
        <button
          class="sc-bwzfXH bCMsTP"
        >
          <svg
            aria-hidden="true"
            class="svg-inline--fa fa-plus-circle fa-w-16 fa-lg sc-bxivhb hNCJCS"
            data-icon="plus-circle"
            data-prefix="fas"
            role="img"
            viewBox="0 0 512 512"
            xmlns="http://www.w3.org/2000/svg"
          >
            <path
              d="M256 8C119 8 8 119 8 256s111 248 248 248 248-111 248-248S393 8 256 8zm144 276c0 6.6-5.4 12-12 12h-92v92c0 6.6-5.4 12-12 12h-56c-6.6 0-12-5.4-12-12v-92h-92c-6.6 0-12-5.4-12-12v-56c0-6.6 5.4-12 12-12h92v-92c0-6.6 5.4-12 12-12h56c6.6 0 12 5.4 12 12v92h92c6.6 0 12 5.4 12 12v56z"
              fill="currentColor"
            />
          </svg>
        </button>
      </div>
      <div
        class="sc-EHOje ciXCQr"
      >
        <button
          class="sc-bwzfXH bCMsTP"
        >
          <svg
            aria-hidden="true"
            class="svg-inline--fa fa-plus-circle fa-w-16 fa-lg sc-bxivhb hNCJCS"
            data-icon="plus-circle"
            data-prefix="fas"
            role="img"
            viewBox="0 0 512 512"
            xmlns="http://www.w3.org/2000/svg"
          >
            <path
              d="M256 8C119 8 8 119 8 256s111 248 248 248 248-111 248-248S393 8 256 8zm144 276c0 6.6-5.4 12-12 12h-92v92c0 6.6-5.4 12-12 12h-56c-6.6 0-12-5.4-12-12v-92h-92c-6.6 0-12-5.4-12-12v-56c0-6.6 5.4-12 12-12h92v-92c0-6.6 5.4-12 12-12h56c6.6 0 12 5.4 12 12v92h92c6.6 0 12 5.4 12 12v56z"
              fill="currentColor"
            />
          </svg>
        </button>
      </div>
      <div
        class="sc-EHOje ciXCQr"
      >
        <button
          class="sc-bwzfXH bCMsTP"
        >
          <svg
            aria-hidden="true"
            class="svg-inline--fa fa-plus-circle fa-w-16 fa-lg sc-bxivhb hNCJCS"
            data-icon="plus-circle"
            data-prefix="fas"
            role="img"
            viewBox="0 0 512 512"
            xmlns="http://www.w3.org/2000/svg"
          >
            <path
              d="M256 8C119 8 8 119 8 256s111 248 248 248 248-111 248-248S393 8 256 8zm144 276c0 6.6-5.4 12-12 12h-92v92c0 6.6-5.4 12-12 12h-56c-6.6 0-12-5.4-12-12v-92h-92c-6.6 0-12-5.4-12-12v-56c0-6.6 5.4-12 12-12h92v-92c0-6.6 5.4-12 12-12h56c6.6 0 12 5.4 12 12v92h92c6.6 0 12 5.4 12 12v56z"
              fill="currentColor"
            />
          </svg>
        </button>
      </div>
      <div
        class="sc-EHOje ciXCQr"
      >
        <button
          class="sc-bwzfXH bCMsTP"
        >
          <svg
            aria-hidden="true"
            class="svg-inline--fa fa-plus-circle fa-w-16 fa-lg sc-bxivhb hNCJCS"
            data-icon="plus-circle"
            data-prefix="fas"
            role="img"
            viewBox="0 0 512 512"
            xmlns="http://www.w3.org/2000/svg"
          >
            <path
              d="M256 8C119 8 8 119 8 256s111 248 248 248 248-111 248-248S393 8 256 8zm144 276c0 6.6-5.4 12-12 12h-92v92c0 6.6-5.4 12-12 12h-56c-6.6 0-12-5.4-12-12v-92h-92c-6.6 0-12-5.4-12-12v-56c0-6.6 5.4-12 12-12h92v-92c0-6.6 5.4-12 12-12h56c6.6 0 12 5.4 12 12v92h92c6.6 0 12 5.4 12 12v56z"
              fill="currentColor"
            />
          </svg>
        </button>
      </div>
      <div
        class="sc-EHOje ciXCQr"
      >
        <button
          class="sc-bwzfXH bCMsTP"
        >
          <svg
            aria-hidden="true"
            class="svg-inline--fa fa-plus-circle fa-w-16 fa-lg sc-bxivhb hNCJCS"
            data-icon="plus-circle"
            data-prefix="fas"
            role="img"
            viewBox="0 0 512 512"
            xmlns="http://www.w3.org/2000/svg"
          >
            <path
              d="M256 8C119 8 8 119 8 256s111 248 248 248 248-111 248-248S393 8 256 8zm144 276c0 6.6-5.4 12-12 12h-92v92c0 6.6-5.4 12-12 12h-56c-6.6 0-12-5.4-12-12v-92h-92c-6.6 0-12-5.4-12-12v-56c0-6.6 5.4-12 12-12h92v-92c0-6.6 5.4-12 12-12h56c6.6 0 12 5.4 12 12v92h92c6.6 0 12 5.4 12 12v56z"
              fill="currentColor"
            />
          </svg>
        </button>
      </div>
      <div
        class="sc-EHOje ciXCQr"
      >
        <button
          class="sc-bwzfXH bCMsTP"
        >
          <svg
            aria-hidden="true"
            class="svg-inline--fa fa-plus-circle fa-w-16 fa-lg sc-bxivhb hNCJCS"
            data-icon="plus-circle"
            data-prefix="fas"
            role="img"
            viewBox="0 0 512 512"
            xmlns="http://www.w3.org/2000/svg"
          >
            <path
              d="M256 8C119 8 8 119 8 256s111 248 248 248 248-111 248-248S393 8 256 8zm144 276c0 6.6-5.4 12-12 12h-92v92c0 6.6-5.4 12-12 12h-56c-6.6 0-12-5.4-12-12v-92h-92c-6.6 0-12-5.4-12-12v-56c0-6.6 5.4-12 12-12h92v-92c0-6.6 5.4-12 12-12h56c6.6 0 12 5.4 12 12v92h92c6.6 0 12 5.4 12 12v56z"
              fill="currentColor"
            />
          </svg>
        </button>
      </div>
      <div />
    </div>
    <div
      class="sc-iwsKbI kQlfCB"
    >
      <div
        class="sc-EHOje ciXCQr"
      >
        <button
          class="sc-bwzfXH bCMsTP"
        >
          <svg
            aria-hidden="true"
            class="svg-inline--fa fa-plus-circle fa-w-16 fa-lg sc-bxivhb hNCJCS"
            data-icon="plus-circle"
            data-prefix="fas"
            role="img"
            viewBox="0 0 512 512"
            xmlns="http://www.w3.org/2000/svg"
          >
            <path
              d="M256 8C119 8 8 119 8 256s111 248 248 248 248-111 248-248S393 8 256 8zm144 276c0 6.6-5.4 12-12 12h-92v92c0 6.6-5.4 12-12 12h-56c-6.6 0-12-5.4-12-12v-92h-92c-6.6 0-12-5.4-12-12v-56c0-6.6 5.4-12 12-12h92v-92c0-6.6 5.4-12 12-12h56c6.6 0 12 5.4 12 12v92h92c6.6 0 12 5.4 12 12v56z"
              fill="currentColor"
            />
          </svg>
        </button>
      </div>
      <div
        class="sc-EHOje ciXCQr"
      >
        <button
          class="sc-bwzfXH bCMsTP"
        >
          <svg
            aria-hidden="true"
            class="svg-inline--fa fa-plus-circle fa-w-16 fa-lg sc-bxivhb hNCJCS"
            data-icon="plus-circle"
            data-prefix="fas"
            role="img"
            viewBox="0 0 512 512"
            xmlns="http://www.w3.org/2000/svg"
          >
            <path
              d="M256 8C119 8 8 119 8 256s111 248 248 248 248-111 248-248S393 8 256 8zm144 276c0 6.6-5.4 12-12 12h-92v92c0 6.6-5.4 12-12 12h-56c-6.6 0-12-5.4-12-12v-92h-92c-6.6 0-12-5.4-12-12v-56c0-6.6 5.4-12 12-12h92v-92c0-6.6 5.4-12 12-12h56c6.6 0 12 5.4 12 12v92h92c6.6 0 12 5.4 12 12v56z"
              fill="currentColor"
            />
          </svg>
        </button>
      </div>
      <div
        class="sc-EHOje ciXCQr"
      >
        <button
          class="sc-bwzfXH bCMsTP"
        >
          <svg
            aria-hidden="true"
            class="svg-inline--fa fa-plus-circle fa-w-16 fa-lg sc-bxivhb hNCJCS"
            data-icon="plus-circle"
            data-prefix="fas"
            role="img"
            viewBox="0 0 512 512"
            xmlns="http://www.w3.org/2000/svg"
          >
            <path
              d="M256 8C119 8 8 119 8 256s111 248 248 248 248-111 248-248S393 8 256 8zm144 276c0 6.6-5.4 12-12 12h-92v92c0 6.6-5.4 12-12 12h-56c-6.6 0-12-5.4-12-12v-92h-92c-6.6 0-12-5.4-12-12v-56c0-6.6 5.4-12 12-12h92v-92c0-6.6 5.4-12 12-12h56c6.6 0 12 5.4 12 12v92h92c6.6 0 12 5.4 12 12v56z"
              fill="currentColor"
            />
          </svg>
        </button>
      </div>
      <div
        class="sc-EHOje ciXCQr"
      >
        <button
          class="sc-bwzfXH bCMsTP"
        >
          <svg
            aria-hidden="true"
            class="svg-inline--fa fa-plus-circle fa-w-16 fa-lg sc-bxivhb hNCJCS"
            data-icon="plus-circle"
            data-prefix="fas"
            role="img"
            viewBox="0 0 512 512"
            xmlns="http://www.w3.org/2000/svg"
          >
            <path
              d="M256 8C119 8 8 119 8 256s111 248 248 248 248-111 248-248S393 8 256 8zm144 276c0 6.6-5.4 12-12 12h-92v92c0 6.6-5.4 12-12 12h-56c-6.6 0-12-5.4-12-12v-92h-92c-6.6 0-12-5.4-12-12v-56c0-6.6 5.4-12 12-12h92v-92c0-6.6 5.4-12 12-12h56c6.6 0 12 5.4 12 12v92h92c6.6 0 12 5.4 12 12v56z"
              fill="currentColor"
            />
          </svg>
        </button>
      </div>
      <div
        class="sc-EHOje ciXCQr"
      >
        <button
          class="sc-bwzfXH bCMsTP"
        >
          <svg
            aria-hidden="true"
            class="svg-inline--fa fa-plus-circle fa-w-16 fa-lg sc-bxivhb hNCJCS"
            data-icon="plus-circle"
            data-prefix="fas"
            role="img"
            viewBox="0 0 512 512"
            xmlns="http://www.w3.org/2000/svg"
          >
            <path
              d="M256 8C119 8 8 119 8 256s111 248 248 248 248-111 248-248S393 8 256 8zm144 276c0 6.6-5.4 12-12 12h-92v92c0 6.6-5.4 12-12 12h-56c-6.6 0-12-5.4-12-12v-92h-92c-6.6 0-12-5.4-12-12v-56c0-6.6 5.4-12 12-12h92v-92c0-6.6 5.4-12 12-12h56c6.6 0 12 5.4 12 12v92h92c6.6 0 12 5.4 12 12v56z"
              fill="currentColor"
            />
          </svg>
        </button>
      </div>
      <div
        class="sc-EHOje ciXCQr"
      >
        <button
          class="sc-bwzfXH bCMsTP"
        >
          <svg
            aria-hidden="true"
            class="svg-inline--fa fa-plus-circle fa-w-16 fa-lg sc-bxivhb hNCJCS"
            data-icon="plus-circle"
            data-prefix="fas"
            role="img"
            viewBox="0 0 512 512"
            xmlns="http://www.w3.org/2000/svg"
          >
            <path
              d="M256 8C119 8 8 119 8 256s111 248 248 248 248-111 248-248S393 8 256 8zm144 276c0 6.6-5.4 12-12 12h-92v92c0 6.6-5.4 12-12 12h-56c-6.6 0-12-5.4-12-12v-92h-92c-6.6 0-12-5.4-12-12v-56c0-6.6 5.4-12 12-12h92v-92c0-6.6 5.4-12 12-12h56c6.6 0 12 5.4 12 12v92h92c6.6 0 12 5.4 12 12v56z"
              fill="currentColor"
            />
          </svg>
        </button>
      </div>
      <div
        class="sc-EHOje ciXCQr"
      >
        <button
          class="sc-bwzfXH bCMsTP"
        >
          <svg
            aria-hidden="true"
            class="svg-inline--fa fa-plus-circle fa-w-16 fa-lg sc-bxivhb hNCJCS"
            data-icon="plus-circle"
            data-prefix="fas"
            role="img"
            viewBox="0 0 512 512"
            xmlns="http://www.w3.org/2000/svg"
          >
            <path
              d="M256 8C119 8 8 119 8 256s111 248 248 248 248-111 248-248S393 8 256 8zm144 276c0 6.6-5.4 12-12 12h-92v92c0 6.6-5.4 12-12 12h-56c-6.6 0-12-5.4-12-12v-92h-92c-6.6 0-12-5.4-12-12v-56c0-6.6 5.4-12 12-12h92v-92c0-6.6 5.4-12 12-12h56c6.6 0 12 5.4 12 12v92h92c6.6 0 12 5.4 12 12v56z"
              fill="currentColor"
            />
          </svg>
        </button>
      </div>
      <div
        class="sc-EHOje ciXCQr"
      >
        <button
          class="sc-bwzfXH bCMsTP"
        >
          <svg
            aria-hidden="true"
            class="svg-inline--fa fa-plus-circle fa-w-16 fa-lg sc-bxivhb hNCJCS"
            data-icon="plus-circle"
            data-prefix="fas"
            role="img"
            viewBox="0 0 512 512"
            xmlns="http://www.w3.org/2000/svg"
          >
            <path
              d="M256 8C119 8 8 119 8 256s111 248 248 248 248-111 248-248S393 8 256 8zm144 276c0 6.6-5.4 12-12 12h-92v92c0 6.6-5.4 12-12 12h-56c-6.6 0-12-5.4-12-12v-92h-92c-6.6 0-12-5.4-12-12v-56c0-6.6 5.4-12 12-12h92v-92c0-6.6 5.4-12 12-12h56c6.6 0 12 5.4 12 12v92h92c6.6 0 12 5.4 12 12v56z"
              fill="currentColor"
            />
          </svg>
        </button>
      </div>
      <div
        class="sc-EHOje ciXCQr"
      >
        <button
          class="sc-bwzfXH bCMsTP"
        >
          <svg
            aria-hidden="true"
            class="svg-inline--fa fa-plus-circle fa-w-16 fa-lg sc-bxivhb hNCJCS"
            data-icon="plus-circle"
            data-prefix="fas"
            role="img"
            viewBox="0 0 512 512"
            xmlns="http://www.w3.org/2000/svg"
          >
            <path
              d="M256 8C119 8 8 119 8 256s111 248 248 248 248-111 248-248S393 8 256 8zm144 276c0 6.6-5.4 12-12 12h-92v92c0 6.6-5.4 12-12 12h-56c-6.6 0-12-5.4-12-12v-92h-92c-6.6 0-12-5.4-12-12v-56c0-6.6 5.4-12 12-12h92v-92c0-6.6 5.4-12 12-12h56c6.6 0 12 5.4 12 12v92h92c6.6 0 12 5.4 12 12v56z"
              fill="currentColor"
            />
          </svg>
        </button>
      </div>
      <div
        class="sc-EHOje ciXCQr"
      >
        <button
          class="sc-bwzfXH bCMsTP"
        >
          <svg
            aria-hidden="true"
            class="svg-inline--fa fa-plus-circle fa-w-16 fa-lg sc-bxivhb hNCJCS"
            data-icon="plus-circle"
            data-prefix="fas"
            role="img"
            viewBox="0 0 512 512"
            xmlns="http://www.w3.org/2000/svg"
          >
            <path
              d="M256 8C119 8 8 119 8 256s111 248 248 248 248-111 248-248S393 8 256 8zm144 276c0 6.6-5.4 12-12 12h-92v92c0 6.6-5.4 12-12 12h-56c-6.6 0-12-5.4-12-12v-92h-92c-6.6 0-12-5.4-12-12v-56c0-6.6 5.4-12 12-12h92v-92c0-6.6 5.4-12 12-12h56c6.6 0 12 5.4 12 12v92h92c6.6 0 12 5.4 12 12v56z"
              fill="currentColor"
            />
          </svg>
        </button>
      </div>
      <div
        class="sc-EHOje ciXCQr"
      >
        <button
          class="sc-bwzfXH bCMsTP"
        >
          <svg
            aria-hidden="true"
            class="svg-inline--fa fa-plus-circle fa-w-16 fa-lg sc-bxivhb hNCJCS"
            data-icon="plus-circle"
            data-prefix="fas"
            role="img"
            viewBox="0 0 512 512"
            xmlns="http://www.w3.org/2000/svg"
          >
            <path
              d="M256 8C119 8 8 119 8 256s111 248 248 248 248-111 248-248S393 8 256 8zm144 276c0 6.6-5.4 12-12 12h-92v92c0 6.6-5.4 12-12 12h-56c-6.6 0-12-5.4-12-12v-92h-92c-6.6 0-12-5.4-12-12v-56c0-6.6 5.4-12 12-12h92v-92c0-6.6 5.4-12 12-12h56c6.6 0 12 5.4 12 12v92h92c6.6 0 12 5.4 12 12v56z"
              fill="currentColor"
            />
          </svg>
        </button>
      </div>
      <div />
    </div>
  </section>
</section>
`;
