// Jest Snapshot v1, https://goo.gl/fbAQLP

exports[`components/organisms/Scheduler renders 1`] = `
<section
  class="SchedulerStyle-sc-1xtra8q-0 ijUEt"
>
  <section
    class="DayNames-sc-1xtra8q-1 bjZxa"
  >
    <div />
    <div>
      Monday
    </div>
    <div>
      Tuesday
    </div>
    <div>
      Wednesday
    </div>
    <div>
      Thursday
    </div>
    <div>
      Friday
    </div>
  </section>
  <section
    class="Days-sc-1xtra8q-2 lcrJtV"
  >
    <div
      class="Times-sc-1xtra8q-4 jRSKhp"
    >
      <div
        class="Time-sc-1xtra8q-5 jhUlY"
      >
        07:00
      </div>
      <div
        class="Time-sc-1xtra8q-5 jhUlY"
      >
        08:00
      </div>
      <div
        class="Time-sc-1xtra8q-5 jhUlY"
      >
        09:00
      </div>
      <div
        class="Time-sc-1xtra8q-5 jhUlY"
      >
        10:00
      </div>
      <div
        class="Time-sc-1xtra8q-5 jhUlY"
      >
        11:00
      </div>
      <div
        class="Time-sc-1xtra8q-5 jhUlY"
      >
        12:00
      </div>
      <div
        class="Time-sc-1xtra8q-5 jhUlY"
      >
        13:00
      </div>
      <div
        class="Time-sc-1xtra8q-5 jhUlY"
      >
        14:00
      </div>
      <div
        class="Time-sc-1xtra8q-5 jhUlY"
      >
        15:00
      </div>
      <div
        class="Time-sc-1xtra8q-5 jhUlY"
      >
        16:00
      </div>
      <div
        class="Time-sc-1xtra8q-5 jhUlY"
      >
        17:00
      </div>
      <div
        class="Time-sc-1xtra8q-5 jhUlY"
      >
        18:00
      </div>
    </div>
    <div
      class="Day-sc-1xtra8q-3 espTfp"
    >
      <div
        class="TimeSlotStyle-xpn2pf-0 iOUBjh"
      >
        <div
          class="Title-xpn2pf-1 iEbIfR"
        >
          Working on the new feature in Story-333
        </div>
        <button
          class="ButtonStyle-sc-1vcx5rr-0 fKLsMb"
          color="gray"
        >
          <svg
            aria-hidden="true"
            class="svg-inline--fa fa-ellipsis-h fa-w-16 fa-lg "
            data-icon="ellipsis-h"
            data-prefix="fas"
            role="img"
            viewBox="0 0 512 512"
            xmlns="http://www.w3.org/2000/svg"
          >
            <path
              d="M328 256c0 39.8-32.2 72-72 72s-72-32.2-72-72 32.2-72 72-72 72 32.2 72 72zm104-72c-39.8 0-72 32.2-72 72s32.2 72 72 72 72-32.2 72-72-32.2-72-72-72zm-352 0c-39.8 0-72 32.2-72 72s32.2 72 72 72 72-32.2 72-72-32.2-72-72-72z"
              fill="currentColor"
            />
          </svg>
        </button>
      </div>
      <div
        class="TimeSlotStyle-xpn2pf-0 cfVmiL"
      >
        <button
          class="WithIcon-sc-12a0ki3-1 idybqs"
        >
          <svg
            aria-hidden="true"
            class="svg-inline--fa fa-plus-circle fa-w-16 fa-lg IconStyle-sc-1dp848p-0 iFEbEV"
            data-icon="plus-circle"
            data-prefix="fas"
            role="img"
            viewBox="0 0 512 512"
            xmlns="http://www.w3.org/2000/svg"
          >
            <path
              d="M256 8C119 8 8 119 8 256s111 248 248 248 248-111 248-248S393 8 256 8zm144 276c0 6.6-5.4 12-12 12h-92v92c0 6.6-5.4 12-12 12h-56c-6.6 0-12-5.4-12-12v-92h-92c-6.6 0-12-5.4-12-12v-56c0-6.6 5.4-12 12-12h92v-92c0-6.6 5.4-12 12-12h56c6.6 0 12 5.4 12 12v92h92c6.6 0 12 5.4 12 12v56z"
              fill="currentColor"
            />
          </svg>
        </button>
      </div>
      <div
        class="TimeSlotStyle-xpn2pf-0 cfVmiL"
      >
        <button
          class="WithIcon-sc-12a0ki3-1 idybqs"
        >
          <svg
            aria-hidden="true"
            class="svg-inline--fa fa-plus-circle fa-w-16 fa-lg IconStyle-sc-1dp848p-0 iFEbEV"
            data-icon="plus-circle"
            data-prefix="fas"
            role="img"
            viewBox="0 0 512 512"
            xmlns="http://www.w3.org/2000/svg"
          >
            <path
              d="M256 8C119 8 8 119 8 256s111 248 248 248 248-111 248-248S393 8 256 8zm144 276c0 6.6-5.4 12-12 12h-92v92c0 6.6-5.4 12-12 12h-56c-6.6 0-12-5.4-12-12v-92h-92c-6.6 0-12-5.4-12-12v-56c0-6.6 5.4-12 12-12h92v-92c0-6.6 5.4-12 12-12h56c6.6 0 12 5.4 12 12v92h92c6.6 0 12 5.4 12 12v56z"
              fill="currentColor"
            />
          </svg>
        </button>
      </div>
      <div
        class="TimeSlotStyle-xpn2pf-0 cfVmiL"
      >
        <button
          class="WithIcon-sc-12a0ki3-1 idybqs"
        >
          <svg
            aria-hidden="true"
            class="svg-inline--fa fa-plus-circle fa-w-16 fa-lg IconStyle-sc-1dp848p-0 iFEbEV"
            data-icon="plus-circle"
            data-prefix="fas"
            role="img"
            viewBox="0 0 512 512"
            xmlns="http://www.w3.org/2000/svg"
          >
            <path
              d="M256 8C119 8 8 119 8 256s111 248 248 248 248-111 248-248S393 8 256 8zm144 276c0 6.6-5.4 12-12 12h-92v92c0 6.6-5.4 12-12 12h-56c-6.6 0-12-5.4-12-12v-92h-92c-6.6 0-12-5.4-12-12v-56c0-6.6 5.4-12 12-12h92v-92c0-6.6 5.4-12 12-12h56c6.6 0 12 5.4 12 12v92h92c6.6 0 12 5.4 12 12v56z"
              fill="currentColor"
            />
          </svg>
        </button>
      </div>
      <div
        class="TimeSlotStyle-xpn2pf-0 cfVmiL"
      >
        <button
          class="WithIcon-sc-12a0ki3-1 idybqs"
        >
          <svg
            aria-hidden="true"
            class="svg-inline--fa fa-plus-circle fa-w-16 fa-lg IconStyle-sc-1dp848p-0 iFEbEV"
            data-icon="plus-circle"
            data-prefix="fas"
            role="img"
            viewBox="0 0 512 512"
            xmlns="http://www.w3.org/2000/svg"
          >
            <path
              d="M256 8C119 8 8 119 8 256s111 248 248 248 248-111 248-248S393 8 256 8zm144 276c0 6.6-5.4 12-12 12h-92v92c0 6.6-5.4 12-12 12h-56c-6.6 0-12-5.4-12-12v-92h-92c-6.6 0-12-5.4-12-12v-56c0-6.6 5.4-12 12-12h92v-92c0-6.6 5.4-12 12-12h56c6.6 0 12 5.4 12 12v92h92c6.6 0 12 5.4 12 12v56z"
              fill="currentColor"
            />
          </svg>
        </button>
      </div>
      <div
        class="TimeSlotStyle-xpn2pf-0 cfVmiL"
      >
        <button
          class="WithIcon-sc-12a0ki3-1 idybqs"
        >
          <svg
            aria-hidden="true"
            class="svg-inline--fa fa-plus-circle fa-w-16 fa-lg IconStyle-sc-1dp848p-0 iFEbEV"
            data-icon="plus-circle"
            data-prefix="fas"
            role="img"
            viewBox="0 0 512 512"
            xmlns="http://www.w3.org/2000/svg"
          >
            <path
              d="M256 8C119 8 8 119 8 256s111 248 248 248 248-111 248-248S393 8 256 8zm144 276c0 6.6-5.4 12-12 12h-92v92c0 6.6-5.4 12-12 12h-56c-6.6 0-12-5.4-12-12v-92h-92c-6.6 0-12-5.4-12-12v-56c0-6.6 5.4-12 12-12h92v-92c0-6.6 5.4-12 12-12h56c6.6 0 12 5.4 12 12v92h92c6.6 0 12 5.4 12 12v56z"
              fill="currentColor"
            />
          </svg>
        </button>
      </div>
      <div
        class="TimeSlotStyle-xpn2pf-0 cfVmiL"
      >
        <button
          class="WithIcon-sc-12a0ki3-1 idybqs"
        >
          <svg
            aria-hidden="true"
            class="svg-inline--fa fa-plus-circle fa-w-16 fa-lg IconStyle-sc-1dp848p-0 iFEbEV"
            data-icon="plus-circle"
            data-prefix="fas"
            role="img"
            viewBox="0 0 512 512"
            xmlns="http://www.w3.org/2000/svg"
          >
            <path
              d="M256 8C119 8 8 119 8 256s111 248 248 248 248-111 248-248S393 8 256 8zm144 276c0 6.6-5.4 12-12 12h-92v92c0 6.6-5.4 12-12 12h-56c-6.6 0-12-5.4-12-12v-92h-92c-6.6 0-12-5.4-12-12v-56c0-6.6 5.4-12 12-12h92v-92c0-6.6 5.4-12 12-12h56c6.6 0 12 5.4 12 12v92h92c6.6 0 12 5.4 12 12v56z"
              fill="currentColor"
            />
          </svg>
        </button>
      </div>
      <div
        class="TimeSlotStyle-xpn2pf-0 cfVmiL"
      >
        <button
          class="WithIcon-sc-12a0ki3-1 idybqs"
        >
          <svg
            aria-hidden="true"
            class="svg-inline--fa fa-plus-circle fa-w-16 fa-lg IconStyle-sc-1dp848p-0 iFEbEV"
            data-icon="plus-circle"
            data-prefix="fas"
            role="img"
            viewBox="0 0 512 512"
            xmlns="http://www.w3.org/2000/svg"
          >
            <path
              d="M256 8C119 8 8 119 8 256s111 248 248 248 248-111 248-248S393 8 256 8zm144 276c0 6.6-5.4 12-12 12h-92v92c0 6.6-5.4 12-12 12h-56c-6.6 0-12-5.4-12-12v-92h-92c-6.6 0-12-5.4-12-12v-56c0-6.6 5.4-12 12-12h92v-92c0-6.6 5.4-12 12-12h56c6.6 0 12 5.4 12 12v92h92c6.6 0 12 5.4 12 12v56z"
              fill="currentColor"
            />
          </svg>
        </button>
      </div>
      <div
        class="TimeSlotStyle-xpn2pf-0 cfVmiL"
      >
        <button
          class="WithIcon-sc-12a0ki3-1 idybqs"
        >
          <svg
            aria-hidden="true"
            class="svg-inline--fa fa-plus-circle fa-w-16 fa-lg IconStyle-sc-1dp848p-0 iFEbEV"
            data-icon="plus-circle"
            data-prefix="fas"
            role="img"
            viewBox="0 0 512 512"
            xmlns="http://www.w3.org/2000/svg"
          >
            <path
              d="M256 8C119 8 8 119 8 256s111 248 248 248 248-111 248-248S393 8 256 8zm144 276c0 6.6-5.4 12-12 12h-92v92c0 6.6-5.4 12-12 12h-56c-6.6 0-12-5.4-12-12v-92h-92c-6.6 0-12-5.4-12-12v-56c0-6.6 5.4-12 12-12h92v-92c0-6.6 5.4-12 12-12h56c6.6 0 12 5.4 12 12v92h92c6.6 0 12 5.4 12 12v56z"
              fill="currentColor"
            />
          </svg>
        </button>
      </div>
      <div
        class="TimeSlotStyle-xpn2pf-0 cfVmiL"
      >
        <button
          class="WithIcon-sc-12a0ki3-1 idybqs"
        >
          <svg
            aria-hidden="true"
            class="svg-inline--fa fa-plus-circle fa-w-16 fa-lg IconStyle-sc-1dp848p-0 iFEbEV"
            data-icon="plus-circle"
            data-prefix="fas"
            role="img"
            viewBox="0 0 512 512"
            xmlns="http://www.w3.org/2000/svg"
          >
            <path
              d="M256 8C119 8 8 119 8 256s111 248 248 248 248-111 248-248S393 8 256 8zm144 276c0 6.6-5.4 12-12 12h-92v92c0 6.6-5.4 12-12 12h-56c-6.6 0-12-5.4-12-12v-92h-92c-6.6 0-12-5.4-12-12v-56c0-6.6 5.4-12 12-12h92v-92c0-6.6 5.4-12 12-12h56c6.6 0 12 5.4 12 12v92h92c6.6 0 12 5.4 12 12v56z"
              fill="currentColor"
            />
          </svg>
        </button>
      </div>
      <div
        class="TimeSlotStyle-xpn2pf-0 cfVmiL"
      >
        <button
          class="WithIcon-sc-12a0ki3-1 idybqs"
        >
          <svg
            aria-hidden="true"
            class="svg-inline--fa fa-plus-circle fa-w-16 fa-lg IconStyle-sc-1dp848p-0 iFEbEV"
            data-icon="plus-circle"
            data-prefix="fas"
            role="img"
            viewBox="0 0 512 512"
            xmlns="http://www.w3.org/2000/svg"
          >
            <path
              d="M256 8C119 8 8 119 8 256s111 248 248 248 248-111 248-248S393 8 256 8zm144 276c0 6.6-5.4 12-12 12h-92v92c0 6.6-5.4 12-12 12h-56c-6.6 0-12-5.4-12-12v-92h-92c-6.6 0-12-5.4-12-12v-56c0-6.6 5.4-12 12-12h92v-92c0-6.6 5.4-12 12-12h56c6.6 0 12 5.4 12 12v92h92c6.6 0 12 5.4 12 12v56z"
              fill="currentColor"
            />
          </svg>
        </button>
      </div>
      <div />
    </div>
    <div
      class="Day-sc-1xtra8q-3 espTfp"
    >
      <div
        class="TimeSlotStyle-xpn2pf-0 cfVmiL"
      >
        <button
          class="WithIcon-sc-12a0ki3-1 idybqs"
        >
          <svg
            aria-hidden="true"
            class="svg-inline--fa fa-plus-circle fa-w-16 fa-lg IconStyle-sc-1dp848p-0 iFEbEV"
            data-icon="plus-circle"
            data-prefix="fas"
            role="img"
            viewBox="0 0 512 512"
            xmlns="http://www.w3.org/2000/svg"
          >
            <path
              d="M256 8C119 8 8 119 8 256s111 248 248 248 248-111 248-248S393 8 256 8zm144 276c0 6.6-5.4 12-12 12h-92v92c0 6.6-5.4 12-12 12h-56c-6.6 0-12-5.4-12-12v-92h-92c-6.6 0-12-5.4-12-12v-56c0-6.6 5.4-12 12-12h92v-92c0-6.6 5.4-12 12-12h56c6.6 0 12 5.4 12 12v92h92c6.6 0 12 5.4 12 12v56z"
              fill="currentColor"
            />
          </svg>
        </button>
      </div>
      <div
        class="TimeSlotStyle-xpn2pf-0 cfVmiL"
      >
        <button
          class="WithIcon-sc-12a0ki3-1 idybqs"
        >
          <svg
            aria-hidden="true"
            class="svg-inline--fa fa-plus-circle fa-w-16 fa-lg IconStyle-sc-1dp848p-0 iFEbEV"
            data-icon="plus-circle"
            data-prefix="fas"
            role="img"
            viewBox="0 0 512 512"
            xmlns="http://www.w3.org/2000/svg"
          >
            <path
              d="M256 8C119 8 8 119 8 256s111 248 248 248 248-111 248-248S393 8 256 8zm144 276c0 6.6-5.4 12-12 12h-92v92c0 6.6-5.4 12-12 12h-56c-6.6 0-12-5.4-12-12v-92h-92c-6.6 0-12-5.4-12-12v-56c0-6.6 5.4-12 12-12h92v-92c0-6.6 5.4-12 12-12h56c6.6 0 12 5.4 12 12v92h92c6.6 0 12 5.4 12 12v56z"
              fill="currentColor"
            />
          </svg>
        </button>
      </div>
      <div
        class="TimeSlotStyle-xpn2pf-0 cfVmiL"
      >
        <button
          class="WithIcon-sc-12a0ki3-1 idybqs"
        >
          <svg
            aria-hidden="true"
            class="svg-inline--fa fa-plus-circle fa-w-16 fa-lg IconStyle-sc-1dp848p-0 iFEbEV"
            data-icon="plus-circle"
            data-prefix="fas"
            role="img"
            viewBox="0 0 512 512"
            xmlns="http://www.w3.org/2000/svg"
          >
            <path
              d="M256 8C119 8 8 119 8 256s111 248 248 248 248-111 248-248S393 8 256 8zm144 276c0 6.6-5.4 12-12 12h-92v92c0 6.6-5.4 12-12 12h-56c-6.6 0-12-5.4-12-12v-92h-92c-6.6 0-12-5.4-12-12v-56c0-6.6 5.4-12 12-12h92v-92c0-6.6 5.4-12 12-12h56c6.6 0 12 5.4 12 12v92h92c6.6 0 12 5.4 12 12v56z"
              fill="currentColor"
            />
          </svg>
        </button>
      </div>
      <div
        class="TimeSlotStyle-xpn2pf-0 cfVmiL"
      >
        <button
          class="WithIcon-sc-12a0ki3-1 idybqs"
        >
          <svg
            aria-hidden="true"
            class="svg-inline--fa fa-plus-circle fa-w-16 fa-lg IconStyle-sc-1dp848p-0 iFEbEV"
            data-icon="plus-circle"
            data-prefix="fas"
            role="img"
            viewBox="0 0 512 512"
            xmlns="http://www.w3.org/2000/svg"
          >
            <path
              d="M256 8C119 8 8 119 8 256s111 248 248 248 248-111 248-248S393 8 256 8zm144 276c0 6.6-5.4 12-12 12h-92v92c0 6.6-5.4 12-12 12h-56c-6.6 0-12-5.4-12-12v-92h-92c-6.6 0-12-5.4-12-12v-56c0-6.6 5.4-12 12-12h92v-92c0-6.6 5.4-12 12-12h56c6.6 0 12 5.4 12 12v92h92c6.6 0 12 5.4 12 12v56z"
              fill="currentColor"
            />
          </svg>
        </button>
      </div>
      <div
        class="TimeSlotStyle-xpn2pf-0 cfVmiL"
      >
        <button
          class="WithIcon-sc-12a0ki3-1 idybqs"
        >
          <svg
            aria-hidden="true"
            class="svg-inline--fa fa-plus-circle fa-w-16 fa-lg IconStyle-sc-1dp848p-0 iFEbEV"
            data-icon="plus-circle"
            data-prefix="fas"
            role="img"
            viewBox="0 0 512 512"
            xmlns="http://www.w3.org/2000/svg"
          >
            <path
              d="M256 8C119 8 8 119 8 256s111 248 248 248 248-111 248-248S393 8 256 8zm144 276c0 6.6-5.4 12-12 12h-92v92c0 6.6-5.4 12-12 12h-56c-6.6 0-12-5.4-12-12v-92h-92c-6.6 0-12-5.4-12-12v-56c0-6.6 5.4-12 12-12h92v-92c0-6.6 5.4-12 12-12h56c6.6 0 12 5.4 12 12v92h92c6.6 0 12 5.4 12 12v56z"
              fill="currentColor"
            />
          </svg>
        </button>
      </div>
      <div
        class="TimeSlotStyle-xpn2pf-0 cfVmiL"
      >
        <button
          class="WithIcon-sc-12a0ki3-1 idybqs"
        >
          <svg
            aria-hidden="true"
            class="svg-inline--fa fa-plus-circle fa-w-16 fa-lg IconStyle-sc-1dp848p-0 iFEbEV"
            data-icon="plus-circle"
            data-prefix="fas"
            role="img"
            viewBox="0 0 512 512"
            xmlns="http://www.w3.org/2000/svg"
          >
            <path
              d="M256 8C119 8 8 119 8 256s111 248 248 248 248-111 248-248S393 8 256 8zm144 276c0 6.6-5.4 12-12 12h-92v92c0 6.6-5.4 12-12 12h-56c-6.6 0-12-5.4-12-12v-92h-92c-6.6 0-12-5.4-12-12v-56c0-6.6 5.4-12 12-12h92v-92c0-6.6 5.4-12 12-12h56c6.6 0 12 5.4 12 12v92h92c6.6 0 12 5.4 12 12v56z"
              fill="currentColor"
            />
          </svg>
        </button>
      </div>
      <div
        class="TimeSlotStyle-xpn2pf-0 cfVmiL"
      >
        <button
          class="WithIcon-sc-12a0ki3-1 idybqs"
        >
          <svg
            aria-hidden="true"
            class="svg-inline--fa fa-plus-circle fa-w-16 fa-lg IconStyle-sc-1dp848p-0 iFEbEV"
            data-icon="plus-circle"
            data-prefix="fas"
            role="img"
            viewBox="0 0 512 512"
            xmlns="http://www.w3.org/2000/svg"
          >
            <path
              d="M256 8C119 8 8 119 8 256s111 248 248 248 248-111 248-248S393 8 256 8zm144 276c0 6.6-5.4 12-12 12h-92v92c0 6.6-5.4 12-12 12h-56c-6.6 0-12-5.4-12-12v-92h-92c-6.6 0-12-5.4-12-12v-56c0-6.6 5.4-12 12-12h92v-92c0-6.6 5.4-12 12-12h56c6.6 0 12 5.4 12 12v92h92c6.6 0 12 5.4 12 12v56z"
              fill="currentColor"
            />
          </svg>
        </button>
      </div>
      <div
        class="TimeSlotStyle-xpn2pf-0 cfVmiL"
      >
        <button
          class="WithIcon-sc-12a0ki3-1 idybqs"
        >
          <svg
            aria-hidden="true"
            class="svg-inline--fa fa-plus-circle fa-w-16 fa-lg IconStyle-sc-1dp848p-0 iFEbEV"
            data-icon="plus-circle"
            data-prefix="fas"
            role="img"
            viewBox="0 0 512 512"
            xmlns="http://www.w3.org/2000/svg"
          >
            <path
              d="M256 8C119 8 8 119 8 256s111 248 248 248 248-111 248-248S393 8 256 8zm144 276c0 6.6-5.4 12-12 12h-92v92c0 6.6-5.4 12-12 12h-56c-6.6 0-12-5.4-12-12v-92h-92c-6.6 0-12-5.4-12-12v-56c0-6.6 5.4-12 12-12h92v-92c0-6.6 5.4-12 12-12h56c6.6 0 12 5.4 12 12v92h92c6.6 0 12 5.4 12 12v56z"
              fill="currentColor"
            />
          </svg>
        </button>
      </div>
      <div
        class="TimeSlotStyle-xpn2pf-0 cfVmiL"
      >
        <button
          class="WithIcon-sc-12a0ki3-1 idybqs"
        >
          <svg
            aria-hidden="true"
            class="svg-inline--fa fa-plus-circle fa-w-16 fa-lg IconStyle-sc-1dp848p-0 iFEbEV"
            data-icon="plus-circle"
            data-prefix="fas"
            role="img"
            viewBox="0 0 512 512"
            xmlns="http://www.w3.org/2000/svg"
          >
            <path
              d="M256 8C119 8 8 119 8 256s111 248 248 248 248-111 248-248S393 8 256 8zm144 276c0 6.6-5.4 12-12 12h-92v92c0 6.6-5.4 12-12 12h-56c-6.6 0-12-5.4-12-12v-92h-92c-6.6 0-12-5.4-12-12v-56c0-6.6 5.4-12 12-12h92v-92c0-6.6 5.4-12 12-12h56c6.6 0 12 5.4 12 12v92h92c6.6 0 12 5.4 12 12v56z"
              fill="currentColor"
            />
          </svg>
        </button>
      </div>
      <div
        class="TimeSlotStyle-xpn2pf-0 cfVmiL"
      >
        <button
          class="WithIcon-sc-12a0ki3-1 idybqs"
        >
          <svg
            aria-hidden="true"
            class="svg-inline--fa fa-plus-circle fa-w-16 fa-lg IconStyle-sc-1dp848p-0 iFEbEV"
            data-icon="plus-circle"
            data-prefix="fas"
            role="img"
            viewBox="0 0 512 512"
            xmlns="http://www.w3.org/2000/svg"
          >
            <path
              d="M256 8C119 8 8 119 8 256s111 248 248 248 248-111 248-248S393 8 256 8zm144 276c0 6.6-5.4 12-12 12h-92v92c0 6.6-5.4 12-12 12h-56c-6.6 0-12-5.4-12-12v-92h-92c-6.6 0-12-5.4-12-12v-56c0-6.6 5.4-12 12-12h92v-92c0-6.6 5.4-12 12-12h56c6.6 0 12 5.4 12 12v92h92c6.6 0 12 5.4 12 12v56z"
              fill="currentColor"
            />
          </svg>
        </button>
      </div>
      <div
        class="TimeSlotStyle-xpn2pf-0 cfVmiL"
      >
        <button
          class="WithIcon-sc-12a0ki3-1 idybqs"
        >
          <svg
            aria-hidden="true"
            class="svg-inline--fa fa-plus-circle fa-w-16 fa-lg IconStyle-sc-1dp848p-0 iFEbEV"
            data-icon="plus-circle"
            data-prefix="fas"
            role="img"
            viewBox="0 0 512 512"
            xmlns="http://www.w3.org/2000/svg"
          >
            <path
              d="M256 8C119 8 8 119 8 256s111 248 248 248 248-111 248-248S393 8 256 8zm144 276c0 6.6-5.4 12-12 12h-92v92c0 6.6-5.4 12-12 12h-56c-6.6 0-12-5.4-12-12v-92h-92c-6.6 0-12-5.4-12-12v-56c0-6.6 5.4-12 12-12h92v-92c0-6.6 5.4-12 12-12h56c6.6 0 12 5.4 12 12v92h92c6.6 0 12 5.4 12 12v56z"
              fill="currentColor"
            />
          </svg>
        </button>
      </div>
      <div />
    </div>
    <div
      class="Day-sc-1xtra8q-3 espTfp"
    >
      <div
        class="TimeSlotStyle-xpn2pf-0 cfVmiL"
      >
        <button
          class="WithIcon-sc-12a0ki3-1 idybqs"
        >
          <svg
            aria-hidden="true"
            class="svg-inline--fa fa-plus-circle fa-w-16 fa-lg IconStyle-sc-1dp848p-0 iFEbEV"
            data-icon="plus-circle"
            data-prefix="fas"
            role="img"
            viewBox="0 0 512 512"
            xmlns="http://www.w3.org/2000/svg"
          >
            <path
              d="M256 8C119 8 8 119 8 256s111 248 248 248 248-111 248-248S393 8 256 8zm144 276c0 6.6-5.4 12-12 12h-92v92c0 6.6-5.4 12-12 12h-56c-6.6 0-12-5.4-12-12v-92h-92c-6.6 0-12-5.4-12-12v-56c0-6.6 5.4-12 12-12h92v-92c0-6.6 5.4-12 12-12h56c6.6 0 12 5.4 12 12v92h92c6.6 0 12 5.4 12 12v56z"
              fill="currentColor"
            />
          </svg>
        </button>
      </div>
      <div
        class="TimeSlotStyle-xpn2pf-0 cfVmiL"
      >
        <button
          class="WithIcon-sc-12a0ki3-1 idybqs"
        >
          <svg
            aria-hidden="true"
            class="svg-inline--fa fa-plus-circle fa-w-16 fa-lg IconStyle-sc-1dp848p-0 iFEbEV"
            data-icon="plus-circle"
            data-prefix="fas"
            role="img"
            viewBox="0 0 512 512"
            xmlns="http://www.w3.org/2000/svg"
          >
            <path
              d="M256 8C119 8 8 119 8 256s111 248 248 248 248-111 248-248S393 8 256 8zm144 276c0 6.6-5.4 12-12 12h-92v92c0 6.6-5.4 12-12 12h-56c-6.6 0-12-5.4-12-12v-92h-92c-6.6 0-12-5.4-12-12v-56c0-6.6 5.4-12 12-12h92v-92c0-6.6 5.4-12 12-12h56c6.6 0 12 5.4 12 12v92h92c6.6 0 12 5.4 12 12v56z"
              fill="currentColor"
            />
          </svg>
        </button>
      </div>
      <div
        class="TimeSlotStyle-xpn2pf-0 cfVmiL"
      >
        <button
          class="WithIcon-sc-12a0ki3-1 idybqs"
        >
          <svg
            aria-hidden="true"
            class="svg-inline--fa fa-plus-circle fa-w-16 fa-lg IconStyle-sc-1dp848p-0 iFEbEV"
            data-icon="plus-circle"
            data-prefix="fas"
            role="img"
            viewBox="0 0 512 512"
            xmlns="http://www.w3.org/2000/svg"
          >
            <path
              d="M256 8C119 8 8 119 8 256s111 248 248 248 248-111 248-248S393 8 256 8zm144 276c0 6.6-5.4 12-12 12h-92v92c0 6.6-5.4 12-12 12h-56c-6.6 0-12-5.4-12-12v-92h-92c-6.6 0-12-5.4-12-12v-56c0-6.6 5.4-12 12-12h92v-92c0-6.6 5.4-12 12-12h56c6.6 0 12 5.4 12 12v92h92c6.6 0 12 5.4 12 12v56z"
              fill="currentColor"
            />
          </svg>
        </button>
      </div>
      <div
        class="TimeSlotStyle-xpn2pf-0 cfVmiL"
      >
        <button
          class="WithIcon-sc-12a0ki3-1 idybqs"
        >
          <svg
            aria-hidden="true"
            class="svg-inline--fa fa-plus-circle fa-w-16 fa-lg IconStyle-sc-1dp848p-0 iFEbEV"
            data-icon="plus-circle"
            data-prefix="fas"
            role="img"
            viewBox="0 0 512 512"
            xmlns="http://www.w3.org/2000/svg"
          >
            <path
              d="M256 8C119 8 8 119 8 256s111 248 248 248 248-111 248-248S393 8 256 8zm144 276c0 6.6-5.4 12-12 12h-92v92c0 6.6-5.4 12-12 12h-56c-6.6 0-12-5.4-12-12v-92h-92c-6.6 0-12-5.4-12-12v-56c0-6.6 5.4-12 12-12h92v-92c0-6.6 5.4-12 12-12h56c6.6 0 12 5.4 12 12v92h92c6.6 0 12 5.4 12 12v56z"
              fill="currentColor"
            />
          </svg>
        </button>
      </div>
      <div
        class="TimeSlotStyle-xpn2pf-0 cfVmiL"
      >
        <button
          class="WithIcon-sc-12a0ki3-1 idybqs"
        >
          <svg
            aria-hidden="true"
            class="svg-inline--fa fa-plus-circle fa-w-16 fa-lg IconStyle-sc-1dp848p-0 iFEbEV"
            data-icon="plus-circle"
            data-prefix="fas"
            role="img"
            viewBox="0 0 512 512"
            xmlns="http://www.w3.org/2000/svg"
          >
            <path
              d="M256 8C119 8 8 119 8 256s111 248 248 248 248-111 248-248S393 8 256 8zm144 276c0 6.6-5.4 12-12 12h-92v92c0 6.6-5.4 12-12 12h-56c-6.6 0-12-5.4-12-12v-92h-92c-6.6 0-12-5.4-12-12v-56c0-6.6 5.4-12 12-12h92v-92c0-6.6 5.4-12 12-12h56c6.6 0 12 5.4 12 12v92h92c6.6 0 12 5.4 12 12v56z"
              fill="currentColor"
            />
          </svg>
        </button>
      </div>
      <div
        class="TimeSlotStyle-xpn2pf-0 cfVmiL"
      >
        <button
          class="WithIcon-sc-12a0ki3-1 idybqs"
        >
          <svg
            aria-hidden="true"
            class="svg-inline--fa fa-plus-circle fa-w-16 fa-lg IconStyle-sc-1dp848p-0 iFEbEV"
            data-icon="plus-circle"
            data-prefix="fas"
            role="img"
            viewBox="0 0 512 512"
            xmlns="http://www.w3.org/2000/svg"
          >
            <path
              d="M256 8C119 8 8 119 8 256s111 248 248 248 248-111 248-248S393 8 256 8zm144 276c0 6.6-5.4 12-12 12h-92v92c0 6.6-5.4 12-12 12h-56c-6.6 0-12-5.4-12-12v-92h-92c-6.6 0-12-5.4-12-12v-56c0-6.6 5.4-12 12-12h92v-92c0-6.6 5.4-12 12-12h56c6.6 0 12 5.4 12 12v92h92c6.6 0 12 5.4 12 12v56z"
              fill="currentColor"
            />
          </svg>
        </button>
      </div>
      <div
        class="TimeSlotStyle-xpn2pf-0 cfVmiL"
      >
        <button
          class="WithIcon-sc-12a0ki3-1 idybqs"
        >
          <svg
            aria-hidden="true"
            class="svg-inline--fa fa-plus-circle fa-w-16 fa-lg IconStyle-sc-1dp848p-0 iFEbEV"
            data-icon="plus-circle"
            data-prefix="fas"
            role="img"
            viewBox="0 0 512 512"
            xmlns="http://www.w3.org/2000/svg"
          >
            <path
              d="M256 8C119 8 8 119 8 256s111 248 248 248 248-111 248-248S393 8 256 8zm144 276c0 6.6-5.4 12-12 12h-92v92c0 6.6-5.4 12-12 12h-56c-6.6 0-12-5.4-12-12v-92h-92c-6.6 0-12-5.4-12-12v-56c0-6.6 5.4-12 12-12h92v-92c0-6.6 5.4-12 12-12h56c6.6 0 12 5.4 12 12v92h92c6.6 0 12 5.4 12 12v56z"
              fill="currentColor"
            />
          </svg>
        </button>
      </div>
      <div
        class="TimeSlotStyle-xpn2pf-0 cfVmiL"
      >
        <button
          class="WithIcon-sc-12a0ki3-1 idybqs"
        >
          <svg
            aria-hidden="true"
            class="svg-inline--fa fa-plus-circle fa-w-16 fa-lg IconStyle-sc-1dp848p-0 iFEbEV"
            data-icon="plus-circle"
            data-prefix="fas"
            role="img"
            viewBox="0 0 512 512"
            xmlns="http://www.w3.org/2000/svg"
          >
            <path
              d="M256 8C119 8 8 119 8 256s111 248 248 248 248-111 248-248S393 8 256 8zm144 276c0 6.6-5.4 12-12 12h-92v92c0 6.6-5.4 12-12 12h-56c-6.6 0-12-5.4-12-12v-92h-92c-6.6 0-12-5.4-12-12v-56c0-6.6 5.4-12 12-12h92v-92c0-6.6 5.4-12 12-12h56c6.6 0 12 5.4 12 12v92h92c6.6 0 12 5.4 12 12v56z"
              fill="currentColor"
            />
          </svg>
        </button>
      </div>
      <div
        class="TimeSlotStyle-xpn2pf-0 cfVmiL"
      >
        <button
          class="WithIcon-sc-12a0ki3-1 idybqs"
        >
          <svg
            aria-hidden="true"
            class="svg-inline--fa fa-plus-circle fa-w-16 fa-lg IconStyle-sc-1dp848p-0 iFEbEV"
            data-icon="plus-circle"
            data-prefix="fas"
            role="img"
            viewBox="0 0 512 512"
            xmlns="http://www.w3.org/2000/svg"
          >
            <path
              d="M256 8C119 8 8 119 8 256s111 248 248 248 248-111 248-248S393 8 256 8zm144 276c0 6.6-5.4 12-12 12h-92v92c0 6.6-5.4 12-12 12h-56c-6.6 0-12-5.4-12-12v-92h-92c-6.6 0-12-5.4-12-12v-56c0-6.6 5.4-12 12-12h92v-92c0-6.6 5.4-12 12-12h56c6.6 0 12 5.4 12 12v92h92c6.6 0 12 5.4 12 12v56z"
              fill="currentColor"
            />
          </svg>
        </button>
      </div>
      <div
        class="TimeSlotStyle-xpn2pf-0 cfVmiL"
      >
        <button
          class="WithIcon-sc-12a0ki3-1 idybqs"
        >
          <svg
            aria-hidden="true"
            class="svg-inline--fa fa-plus-circle fa-w-16 fa-lg IconStyle-sc-1dp848p-0 iFEbEV"
            data-icon="plus-circle"
            data-prefix="fas"
            role="img"
            viewBox="0 0 512 512"
            xmlns="http://www.w3.org/2000/svg"
          >
            <path
              d="M256 8C119 8 8 119 8 256s111 248 248 248 248-111 248-248S393 8 256 8zm144 276c0 6.6-5.4 12-12 12h-92v92c0 6.6-5.4 12-12 12h-56c-6.6 0-12-5.4-12-12v-92h-92c-6.6 0-12-5.4-12-12v-56c0-6.6 5.4-12 12-12h92v-92c0-6.6 5.4-12 12-12h56c6.6 0 12 5.4 12 12v92h92c6.6 0 12 5.4 12 12v56z"
              fill="currentColor"
            />
          </svg>
        </button>
      </div>
      <div
        class="TimeSlotStyle-xpn2pf-0 cfVmiL"
      >
        <button
          class="WithIcon-sc-12a0ki3-1 idybqs"
        >
          <svg
            aria-hidden="true"
            class="svg-inline--fa fa-plus-circle fa-w-16 fa-lg IconStyle-sc-1dp848p-0 iFEbEV"
            data-icon="plus-circle"
            data-prefix="fas"
            role="img"
            viewBox="0 0 512 512"
            xmlns="http://www.w3.org/2000/svg"
          >
            <path
              d="M256 8C119 8 8 119 8 256s111 248 248 248 248-111 248-248S393 8 256 8zm144 276c0 6.6-5.4 12-12 12h-92v92c0 6.6-5.4 12-12 12h-56c-6.6 0-12-5.4-12-12v-92h-92c-6.6 0-12-5.4-12-12v-56c0-6.6 5.4-12 12-12h92v-92c0-6.6 5.4-12 12-12h56c6.6 0 12 5.4 12 12v92h92c6.6 0 12 5.4 12 12v56z"
              fill="currentColor"
            />
          </svg>
        </button>
      </div>
      <div />
    </div>
    <div
      class="Day-sc-1xtra8q-3 espTfp"
    >
      <div
        class="TimeSlotStyle-xpn2pf-0 cfVmiL"
      >
        <button
          class="WithIcon-sc-12a0ki3-1 idybqs"
        >
          <svg
            aria-hidden="true"
            class="svg-inline--fa fa-plus-circle fa-w-16 fa-lg IconStyle-sc-1dp848p-0 iFEbEV"
            data-icon="plus-circle"
            data-prefix="fas"
            role="img"
            viewBox="0 0 512 512"
            xmlns="http://www.w3.org/2000/svg"
          >
            <path
              d="M256 8C119 8 8 119 8 256s111 248 248 248 248-111 248-248S393 8 256 8zm144 276c0 6.6-5.4 12-12 12h-92v92c0 6.6-5.4 12-12 12h-56c-6.6 0-12-5.4-12-12v-92h-92c-6.6 0-12-5.4-12-12v-56c0-6.6 5.4-12 12-12h92v-92c0-6.6 5.4-12 12-12h56c6.6 0 12 5.4 12 12v92h92c6.6 0 12 5.4 12 12v56z"
              fill="currentColor"
            />
          </svg>
        </button>
      </div>
      <div
        class="TimeSlotStyle-xpn2pf-0 cfVmiL"
      >
        <button
          class="WithIcon-sc-12a0ki3-1 idybqs"
        >
          <svg
            aria-hidden="true"
            class="svg-inline--fa fa-plus-circle fa-w-16 fa-lg IconStyle-sc-1dp848p-0 iFEbEV"
            data-icon="plus-circle"
            data-prefix="fas"
            role="img"
            viewBox="0 0 512 512"
            xmlns="http://www.w3.org/2000/svg"
          >
            <path
              d="M256 8C119 8 8 119 8 256s111 248 248 248 248-111 248-248S393 8 256 8zm144 276c0 6.6-5.4 12-12 12h-92v92c0 6.6-5.4 12-12 12h-56c-6.6 0-12-5.4-12-12v-92h-92c-6.6 0-12-5.4-12-12v-56c0-6.6 5.4-12 12-12h92v-92c0-6.6 5.4-12 12-12h56c6.6 0 12 5.4 12 12v92h92c6.6 0 12 5.4 12 12v56z"
              fill="currentColor"
            />
          </svg>
        </button>
      </div>
      <div
        class="TimeSlotStyle-xpn2pf-0 cfVmiL"
      >
        <button
          class="WithIcon-sc-12a0ki3-1 idybqs"
        >
          <svg
            aria-hidden="true"
            class="svg-inline--fa fa-plus-circle fa-w-16 fa-lg IconStyle-sc-1dp848p-0 iFEbEV"
            data-icon="plus-circle"
            data-prefix="fas"
            role="img"
            viewBox="0 0 512 512"
            xmlns="http://www.w3.org/2000/svg"
          >
            <path
              d="M256 8C119 8 8 119 8 256s111 248 248 248 248-111 248-248S393 8 256 8zm144 276c0 6.6-5.4 12-12 12h-92v92c0 6.6-5.4 12-12 12h-56c-6.6 0-12-5.4-12-12v-92h-92c-6.6 0-12-5.4-12-12v-56c0-6.6 5.4-12 12-12h92v-92c0-6.6 5.4-12 12-12h56c6.6 0 12 5.4 12 12v92h92c6.6 0 12 5.4 12 12v56z"
              fill="currentColor"
            />
          </svg>
        </button>
      </div>
      <div
        class="TimeSlotStyle-xpn2pf-0 cfVmiL"
      >
        <button
          class="WithIcon-sc-12a0ki3-1 idybqs"
        >
          <svg
            aria-hidden="true"
            class="svg-inline--fa fa-plus-circle fa-w-16 fa-lg IconStyle-sc-1dp848p-0 iFEbEV"
            data-icon="plus-circle"
            data-prefix="fas"
            role="img"
            viewBox="0 0 512 512"
            xmlns="http://www.w3.org/2000/svg"
          >
            <path
              d="M256 8C119 8 8 119 8 256s111 248 248 248 248-111 248-248S393 8 256 8zm144 276c0 6.6-5.4 12-12 12h-92v92c0 6.6-5.4 12-12 12h-56c-6.6 0-12-5.4-12-12v-92h-92c-6.6 0-12-5.4-12-12v-56c0-6.6 5.4-12 12-12h92v-92c0-6.6 5.4-12 12-12h56c6.6 0 12 5.4 12 12v92h92c6.6 0 12 5.4 12 12v56z"
              fill="currentColor"
            />
          </svg>
        </button>
      </div>
      <div
        class="TimeSlotStyle-xpn2pf-0 cfVmiL"
      >
        <button
          class="WithIcon-sc-12a0ki3-1 idybqs"
        >
          <svg
            aria-hidden="true"
            class="svg-inline--fa fa-plus-circle fa-w-16 fa-lg IconStyle-sc-1dp848p-0 iFEbEV"
            data-icon="plus-circle"
            data-prefix="fas"
            role="img"
            viewBox="0 0 512 512"
            xmlns="http://www.w3.org/2000/svg"
          >
            <path
              d="M256 8C119 8 8 119 8 256s111 248 248 248 248-111 248-248S393 8 256 8zm144 276c0 6.6-5.4 12-12 12h-92v92c0 6.6-5.4 12-12 12h-56c-6.6 0-12-5.4-12-12v-92h-92c-6.6 0-12-5.4-12-12v-56c0-6.6 5.4-12 12-12h92v-92c0-6.6 5.4-12 12-12h56c6.6 0 12 5.4 12 12v92h92c6.6 0 12 5.4 12 12v56z"
              fill="currentColor"
            />
          </svg>
        </button>
      </div>
      <div
        class="TimeSlotStyle-xpn2pf-0 cfVmiL"
      >
        <button
          class="WithIcon-sc-12a0ki3-1 idybqs"
        >
          <svg
            aria-hidden="true"
            class="svg-inline--fa fa-plus-circle fa-w-16 fa-lg IconStyle-sc-1dp848p-0 iFEbEV"
            data-icon="plus-circle"
            data-prefix="fas"
            role="img"
            viewBox="0 0 512 512"
            xmlns="http://www.w3.org/2000/svg"
          >
            <path
              d="M256 8C119 8 8 119 8 256s111 248 248 248 248-111 248-248S393 8 256 8zm144 276c0 6.6-5.4 12-12 12h-92v92c0 6.6-5.4 12-12 12h-56c-6.6 0-12-5.4-12-12v-92h-92c-6.6 0-12-5.4-12-12v-56c0-6.6 5.4-12 12-12h92v-92c0-6.6 5.4-12 12-12h56c6.6 0 12 5.4 12 12v92h92c6.6 0 12 5.4 12 12v56z"
              fill="currentColor"
            />
          </svg>
        </button>
      </div>
      <div
        class="TimeSlotStyle-xpn2pf-0 cfVmiL"
      >
        <button
          class="WithIcon-sc-12a0ki3-1 idybqs"
        >
          <svg
            aria-hidden="true"
            class="svg-inline--fa fa-plus-circle fa-w-16 fa-lg IconStyle-sc-1dp848p-0 iFEbEV"
            data-icon="plus-circle"
            data-prefix="fas"
            role="img"
            viewBox="0 0 512 512"
            xmlns="http://www.w3.org/2000/svg"
          >
            <path
              d="M256 8C119 8 8 119 8 256s111 248 248 248 248-111 248-248S393 8 256 8zm144 276c0 6.6-5.4 12-12 12h-92v92c0 6.6-5.4 12-12 12h-56c-6.6 0-12-5.4-12-12v-92h-92c-6.6 0-12-5.4-12-12v-56c0-6.6 5.4-12 12-12h92v-92c0-6.6 5.4-12 12-12h56c6.6 0 12 5.4 12 12v92h92c6.6 0 12 5.4 12 12v56z"
              fill="currentColor"
            />
          </svg>
        </button>
      </div>
      <div
        class="TimeSlotStyle-xpn2pf-0 cfVmiL"
      >
        <button
          class="WithIcon-sc-12a0ki3-1 idybqs"
        >
          <svg
            aria-hidden="true"
            class="svg-inline--fa fa-plus-circle fa-w-16 fa-lg IconStyle-sc-1dp848p-0 iFEbEV"
            data-icon="plus-circle"
            data-prefix="fas"
            role="img"
            viewBox="0 0 512 512"
            xmlns="http://www.w3.org/2000/svg"
          >
            <path
              d="M256 8C119 8 8 119 8 256s111 248 248 248 248-111 248-248S393 8 256 8zm144 276c0 6.6-5.4 12-12 12h-92v92c0 6.6-5.4 12-12 12h-56c-6.6 0-12-5.4-12-12v-92h-92c-6.6 0-12-5.4-12-12v-56c0-6.6 5.4-12 12-12h92v-92c0-6.6 5.4-12 12-12h56c6.6 0 12 5.4 12 12v92h92c6.6 0 12 5.4 12 12v56z"
              fill="currentColor"
            />
          </svg>
        </button>
      </div>
      <div
        class="TimeSlotStyle-xpn2pf-0 cfVmiL"
      >
        <button
          class="WithIcon-sc-12a0ki3-1 idybqs"
        >
          <svg
            aria-hidden="true"
            class="svg-inline--fa fa-plus-circle fa-w-16 fa-lg IconStyle-sc-1dp848p-0 iFEbEV"
            data-icon="plus-circle"
            data-prefix="fas"
            role="img"
            viewBox="0 0 512 512"
            xmlns="http://www.w3.org/2000/svg"
          >
            <path
              d="M256 8C119 8 8 119 8 256s111 248 248 248 248-111 248-248S393 8 256 8zm144 276c0 6.6-5.4 12-12 12h-92v92c0 6.6-5.4 12-12 12h-56c-6.6 0-12-5.4-12-12v-92h-92c-6.6 0-12-5.4-12-12v-56c0-6.6 5.4-12 12-12h92v-92c0-6.6 5.4-12 12-12h56c6.6 0 12 5.4 12 12v92h92c6.6 0 12 5.4 12 12v56z"
              fill="currentColor"
            />
          </svg>
        </button>
      </div>
      <div
        class="TimeSlotStyle-xpn2pf-0 cfVmiL"
      >
        <button
          class="WithIcon-sc-12a0ki3-1 idybqs"
        >
          <svg
            aria-hidden="true"
            class="svg-inline--fa fa-plus-circle fa-w-16 fa-lg IconStyle-sc-1dp848p-0 iFEbEV"
            data-icon="plus-circle"
            data-prefix="fas"
            role="img"
            viewBox="0 0 512 512"
            xmlns="http://www.w3.org/2000/svg"
          >
            <path
              d="M256 8C119 8 8 119 8 256s111 248 248 248 248-111 248-248S393 8 256 8zm144 276c0 6.6-5.4 12-12 12h-92v92c0 6.6-5.4 12-12 12h-56c-6.6 0-12-5.4-12-12v-92h-92c-6.6 0-12-5.4-12-12v-56c0-6.6 5.4-12 12-12h92v-92c0-6.6 5.4-12 12-12h56c6.6 0 12 5.4 12 12v92h92c6.6 0 12 5.4 12 12v56z"
              fill="currentColor"
            />
          </svg>
        </button>
      </div>
      <div
        class="TimeSlotStyle-xpn2pf-0 cfVmiL"
      >
        <button
          class="WithIcon-sc-12a0ki3-1 idybqs"
        >
          <svg
            aria-hidden="true"
            class="svg-inline--fa fa-plus-circle fa-w-16 fa-lg IconStyle-sc-1dp848p-0 iFEbEV"
            data-icon="plus-circle"
            data-prefix="fas"
            role="img"
            viewBox="0 0 512 512"
            xmlns="http://www.w3.org/2000/svg"
          >
            <path
              d="M256 8C119 8 8 119 8 256s111 248 248 248 248-111 248-248S393 8 256 8zm144 276c0 6.6-5.4 12-12 12h-92v92c0 6.6-5.4 12-12 12h-56c-6.6 0-12-5.4-12-12v-92h-92c-6.6 0-12-5.4-12-12v-56c0-6.6 5.4-12 12-12h92v-92c0-6.6 5.4-12 12-12h56c6.6 0 12 5.4 12 12v92h92c6.6 0 12 5.4 12 12v56z"
              fill="currentColor"
            />
          </svg>
        </button>
      </div>
      <div />
    </div>
    <div
      class="Day-sc-1xtra8q-3 espTfp"
    >
      <div
        class="TimeSlotStyle-xpn2pf-0 cfVmiL"
      >
        <button
          class="WithIcon-sc-12a0ki3-1 idybqs"
        >
          <svg
            aria-hidden="true"
            class="svg-inline--fa fa-plus-circle fa-w-16 fa-lg IconStyle-sc-1dp848p-0 iFEbEV"
            data-icon="plus-circle"
            data-prefix="fas"
            role="img"
            viewBox="0 0 512 512"
            xmlns="http://www.w3.org/2000/svg"
          >
            <path
              d="M256 8C119 8 8 119 8 256s111 248 248 248 248-111 248-248S393 8 256 8zm144 276c0 6.6-5.4 12-12 12h-92v92c0 6.6-5.4 12-12 12h-56c-6.6 0-12-5.4-12-12v-92h-92c-6.6 0-12-5.4-12-12v-56c0-6.6 5.4-12 12-12h92v-92c0-6.6 5.4-12 12-12h56c6.6 0 12 5.4 12 12v92h92c6.6 0 12 5.4 12 12v56z"
              fill="currentColor"
            />
          </svg>
        </button>
      </div>
      <div
        class="TimeSlotStyle-xpn2pf-0 cfVmiL"
      >
        <button
          class="WithIcon-sc-12a0ki3-1 idybqs"
        >
          <svg
            aria-hidden="true"
            class="svg-inline--fa fa-plus-circle fa-w-16 fa-lg IconStyle-sc-1dp848p-0 iFEbEV"
            data-icon="plus-circle"
            data-prefix="fas"
            role="img"
            viewBox="0 0 512 512"
            xmlns="http://www.w3.org/2000/svg"
          >
            <path
              d="M256 8C119 8 8 119 8 256s111 248 248 248 248-111 248-248S393 8 256 8zm144 276c0 6.6-5.4 12-12 12h-92v92c0 6.6-5.4 12-12 12h-56c-6.6 0-12-5.4-12-12v-92h-92c-6.6 0-12-5.4-12-12v-56c0-6.6 5.4-12 12-12h92v-92c0-6.6 5.4-12 12-12h56c6.6 0 12 5.4 12 12v92h92c6.6 0 12 5.4 12 12v56z"
              fill="currentColor"
            />
          </svg>
        </button>
      </div>
      <div
        class="TimeSlotStyle-xpn2pf-0 cfVmiL"
      >
        <button
          class="WithIcon-sc-12a0ki3-1 idybqs"
        >
          <svg
            aria-hidden="true"
            class="svg-inline--fa fa-plus-circle fa-w-16 fa-lg IconStyle-sc-1dp848p-0 iFEbEV"
            data-icon="plus-circle"
            data-prefix="fas"
            role="img"
            viewBox="0 0 512 512"
            xmlns="http://www.w3.org/2000/svg"
          >
            <path
              d="M256 8C119 8 8 119 8 256s111 248 248 248 248-111 248-248S393 8 256 8zm144 276c0 6.6-5.4 12-12 12h-92v92c0 6.6-5.4 12-12 12h-56c-6.6 0-12-5.4-12-12v-92h-92c-6.6 0-12-5.4-12-12v-56c0-6.6 5.4-12 12-12h92v-92c0-6.6 5.4-12 12-12h56c6.6 0 12 5.4 12 12v92h92c6.6 0 12 5.4 12 12v56z"
              fill="currentColor"
            />
          </svg>
        </button>
      </div>
      <div
        class="TimeSlotStyle-xpn2pf-0 cfVmiL"
      >
        <button
          class="WithIcon-sc-12a0ki3-1 idybqs"
        >
          <svg
            aria-hidden="true"
            class="svg-inline--fa fa-plus-circle fa-w-16 fa-lg IconStyle-sc-1dp848p-0 iFEbEV"
            data-icon="plus-circle"
            data-prefix="fas"
            role="img"
            viewBox="0 0 512 512"
            xmlns="http://www.w3.org/2000/svg"
          >
            <path
              d="M256 8C119 8 8 119 8 256s111 248 248 248 248-111 248-248S393 8 256 8zm144 276c0 6.6-5.4 12-12 12h-92v92c0 6.6-5.4 12-12 12h-56c-6.6 0-12-5.4-12-12v-92h-92c-6.6 0-12-5.4-12-12v-56c0-6.6 5.4-12 12-12h92v-92c0-6.6 5.4-12 12-12h56c6.6 0 12 5.4 12 12v92h92c6.6 0 12 5.4 12 12v56z"
              fill="currentColor"
            />
          </svg>
        </button>
      </div>
      <div
        class="TimeSlotStyle-xpn2pf-0 cfVmiL"
      >
        <button
          class="WithIcon-sc-12a0ki3-1 idybqs"
        >
          <svg
            aria-hidden="true"
            class="svg-inline--fa fa-plus-circle fa-w-16 fa-lg IconStyle-sc-1dp848p-0 iFEbEV"
            data-icon="plus-circle"
            data-prefix="fas"
            role="img"
            viewBox="0 0 512 512"
            xmlns="http://www.w3.org/2000/svg"
          >
            <path
              d="M256 8C119 8 8 119 8 256s111 248 248 248 248-111 248-248S393 8 256 8zm144 276c0 6.6-5.4 12-12 12h-92v92c0 6.6-5.4 12-12 12h-56c-6.6 0-12-5.4-12-12v-92h-92c-6.6 0-12-5.4-12-12v-56c0-6.6 5.4-12 12-12h92v-92c0-6.6 5.4-12 12-12h56c6.6 0 12 5.4 12 12v92h92c6.6 0 12 5.4 12 12v56z"
              fill="currentColor"
            />
          </svg>
        </button>
      </div>
      <div
        class="TimeSlotStyle-xpn2pf-0 cfVmiL"
      >
        <button
          class="WithIcon-sc-12a0ki3-1 idybqs"
        >
          <svg
            aria-hidden="true"
            class="svg-inline--fa fa-plus-circle fa-w-16 fa-lg IconStyle-sc-1dp848p-0 iFEbEV"
            data-icon="plus-circle"
            data-prefix="fas"
            role="img"
            viewBox="0 0 512 512"
            xmlns="http://www.w3.org/2000/svg"
          >
            <path
              d="M256 8C119 8 8 119 8 256s111 248 248 248 248-111 248-248S393 8 256 8zm144 276c0 6.6-5.4 12-12 12h-92v92c0 6.6-5.4 12-12 12h-56c-6.6 0-12-5.4-12-12v-92h-92c-6.6 0-12-5.4-12-12v-56c0-6.6 5.4-12 12-12h92v-92c0-6.6 5.4-12 12-12h56c6.6 0 12 5.4 12 12v92h92c6.6 0 12 5.4 12 12v56z"
              fill="currentColor"
            />
          </svg>
        </button>
      </div>
      <div
        class="TimeSlotStyle-xpn2pf-0 cfVmiL"
      >
        <button
          class="WithIcon-sc-12a0ki3-1 idybqs"
        >
          <svg
            aria-hidden="true"
            class="svg-inline--fa fa-plus-circle fa-w-16 fa-lg IconStyle-sc-1dp848p-0 iFEbEV"
            data-icon="plus-circle"
            data-prefix="fas"
            role="img"
            viewBox="0 0 512 512"
            xmlns="http://www.w3.org/2000/svg"
          >
            <path
              d="M256 8C119 8 8 119 8 256s111 248 248 248 248-111 248-248S393 8 256 8zm144 276c0 6.6-5.4 12-12 12h-92v92c0 6.6-5.4 12-12 12h-56c-6.6 0-12-5.4-12-12v-92h-92c-6.6 0-12-5.4-12-12v-56c0-6.6 5.4-12 12-12h92v-92c0-6.6 5.4-12 12-12h56c6.6 0 12 5.4 12 12v92h92c6.6 0 12 5.4 12 12v56z"
              fill="currentColor"
            />
          </svg>
        </button>
      </div>
      <div
        class="TimeSlotStyle-xpn2pf-0 cfVmiL"
      >
        <button
          class="WithIcon-sc-12a0ki3-1 idybqs"
        >
          <svg
            aria-hidden="true"
            class="svg-inline--fa fa-plus-circle fa-w-16 fa-lg IconStyle-sc-1dp848p-0 iFEbEV"
            data-icon="plus-circle"
            data-prefix="fas"
            role="img"
            viewBox="0 0 512 512"
            xmlns="http://www.w3.org/2000/svg"
          >
            <path
              d="M256 8C119 8 8 119 8 256s111 248 248 248 248-111 248-248S393 8 256 8zm144 276c0 6.6-5.4 12-12 12h-92v92c0 6.6-5.4 12-12 12h-56c-6.6 0-12-5.4-12-12v-92h-92c-6.6 0-12-5.4-12-12v-56c0-6.6 5.4-12 12-12h92v-92c0-6.6 5.4-12 12-12h56c6.6 0 12 5.4 12 12v92h92c6.6 0 12 5.4 12 12v56z"
              fill="currentColor"
            />
          </svg>
        </button>
      </div>
      <div
        class="TimeSlotStyle-xpn2pf-0 cfVmiL"
      >
        <button
          class="WithIcon-sc-12a0ki3-1 idybqs"
        >
          <svg
            aria-hidden="true"
            class="svg-inline--fa fa-plus-circle fa-w-16 fa-lg IconStyle-sc-1dp848p-0 iFEbEV"
            data-icon="plus-circle"
            data-prefix="fas"
            role="img"
            viewBox="0 0 512 512"
            xmlns="http://www.w3.org/2000/svg"
          >
            <path
              d="M256 8C119 8 8 119 8 256s111 248 248 248 248-111 248-248S393 8 256 8zm144 276c0 6.6-5.4 12-12 12h-92v92c0 6.6-5.4 12-12 12h-56c-6.6 0-12-5.4-12-12v-92h-92c-6.6 0-12-5.4-12-12v-56c0-6.6 5.4-12 12-12h92v-92c0-6.6 5.4-12 12-12h56c6.6 0 12 5.4 12 12v92h92c6.6 0 12 5.4 12 12v56z"
              fill="currentColor"
            />
          </svg>
        </button>
      </div>
      <div
        class="TimeSlotStyle-xpn2pf-0 cfVmiL"
      >
        <button
          class="WithIcon-sc-12a0ki3-1 idybqs"
        >
          <svg
            aria-hidden="true"
            class="svg-inline--fa fa-plus-circle fa-w-16 fa-lg IconStyle-sc-1dp848p-0 iFEbEV"
            data-icon="plus-circle"
            data-prefix="fas"
            role="img"
            viewBox="0 0 512 512"
            xmlns="http://www.w3.org/2000/svg"
          >
            <path
              d="M256 8C119 8 8 119 8 256s111 248 248 248 248-111 248-248S393 8 256 8zm144 276c0 6.6-5.4 12-12 12h-92v92c0 6.6-5.4 12-12 12h-56c-6.6 0-12-5.4-12-12v-92h-92c-6.6 0-12-5.4-12-12v-56c0-6.6 5.4-12 12-12h92v-92c0-6.6 5.4-12 12-12h56c6.6 0 12 5.4 12 12v92h92c6.6 0 12 5.4 12 12v56z"
              fill="currentColor"
            />
          </svg>
        </button>
      </div>
      <div
        class="TimeSlotStyle-xpn2pf-0 cfVmiL"
      >
        <button
          class="WithIcon-sc-12a0ki3-1 idybqs"
        >
          <svg
            aria-hidden="true"
            class="svg-inline--fa fa-plus-circle fa-w-16 fa-lg IconStyle-sc-1dp848p-0 iFEbEV"
            data-icon="plus-circle"
            data-prefix="fas"
            role="img"
            viewBox="0 0 512 512"
            xmlns="http://www.w3.org/2000/svg"
          >
            <path
              d="M256 8C119 8 8 119 8 256s111 248 248 248 248-111 248-248S393 8 256 8zm144 276c0 6.6-5.4 12-12 12h-92v92c0 6.6-5.4 12-12 12h-56c-6.6 0-12-5.4-12-12v-92h-92c-6.6 0-12-5.4-12-12v-56c0-6.6 5.4-12 12-12h92v-92c0-6.6 5.4-12 12-12h56c6.6 0 12 5.4 12 12v92h92c6.6 0 12 5.4 12 12v56z"
              fill="currentColor"
            />
          </svg>
        </button>
      </div>
      <div />
    </div>
  </section>
</section>
`;
