// Jest Snapshot v1, https://goo.gl/fbAQLP

exports[`generic/organisms/AddEventModal renders 1`] = `
<section>
  <div
    class="LabeledInputStyle-haayko-0 hPxfKk"
  >
    <label
      class="LabelStyled-haayko-1 iNeUPg"
      for="title"
    >
      Title
    </label>
    <input
      class="InputStyle-sc-1jmrrj1-0 jTNhfr"
      name="title"
      type="text"
    />
  </div>
  <div
    class="TwoColumns-w64ir1-0 cMUdUm"
  >
    <div
      class="LabeledInputStyle-haayko-0 hPxfKk"
    >
      <label
        class="LabelStyled-haayko-1 iNeUPg"
        for="start"
      >
        Start
      </label>
      <input
        class="InputStyle-sc-1jmrrj1-0 jTNhfr"
        name="start"
        type="date"
      />
    </div>
    <div
      class="LabeledInputStyle-haayko-0 hPxfKk"
    >
      <label
        class="LabelStyled-haayko-1 iNeUPg"
        for="end"
      >
        End
      </label>
      <input
        class="InputStyle-sc-1jmrrj1-0 jTNhfr"
        name="end"
        type="date"
      />
    </div>
  </div>
  <div
    class="CategorySection-w64ir1-1 lpmpAG"
  >
    <div
      class="LabeledSelectWrapper-sc-1d94pvh-0 koZAra"
    >
      <label
        class="LabelStyled-sc-1d94pvh-1 djEQgi"
        for="category"
      >
        Category
      </label>
      <select
        class="SelectStyle-sc-1tz5py4-1 RgsRi"
        name="category"
      >
        <option
          class="Option-sc-1tz5py4-0 grUjbm"
          value="TestValue"
        >
          TestValue
        </option>
      </select>
    </div>
    <button
      class="Primary-sc-12a0ki3-2 fJfBRD"
    >
      Edit
    </button>
  </div>
  <div
    class="TwoColumns-w64ir1-0 cMUdUm"
  >
    <div
      class="LabeledInputStyle-haayko-0 hPxfKk"
    >
      <label
        class="LabelStyled-haayko-1 iNeUPg"
        for="add-tags"
      >
        Add tags
      </label>
      <input
        class="InputStyle-sc-1jmrrj1-0 jTNhfr"
        name="add-tags"
        type="text"
      />
    </div>
    <div
      class="LabeledTagsWrapper-yk8e0z-0 ijUAhs"
    >
      <label
        class="LabelStyled-yk8e0z-1 kgRpzo"
      >
        Used recently
      </label>
      <button
        class="TagStyle-eyrq69-0 jAHVai"
      >
        unit test
      </button>
    </div>
  </div>
  <div
    class="LabeledTagsWrapper-yk8e0z-0 ijUAhs"
  >
    <label
      class="LabelStyled-yk8e0z-1 kgRpzo"
    >
      Selected tags
    </label>
    <button
      class="TagStyle-eyrq69-0 fCHVhY"
    >
      story-125
    </button>
  </div>
  <div
    class="AlignRight-w64ir1-2 bDFrer"
  >
    <button
      class="Primary-sc-12a0ki3-2 eysKsr"
    >
      Create
    </button>
  </div>
</section>
`;
